Info: Starting: Create block symbol file (.bsf)
Info: qsys-generate "E:\GEN1_ACTIVE_FPGA\Source\GABE\Cores Cyclone IV\TinyChipScope\TinyChipScope.qsys" --block-symbol-file --output-directory="E:\GEN1_ACTIVE_FPGA\Source\GABE\Cores Cyclone IV\TinyChipScope\TinyChipScope" --family="Cyclone IV E" --part=EP4CE115F29C8
Progress: Loading TinyChipScope/TinyChipScope.qsys
Progress: Reading input file
Progress: Adding signaltap_ii_logic_analyzer_0 [altera_signaltap_ii_logic_analyzer 18.1]
Progress: Parameterizing module signaltap_ii_logic_analyzer_0
Progress: Building connections
Progress: Parameterizing connections
Progress: Validating
Progress: Done reading input file
Info: qsys-generate succeeded.
Info: Finished: Create block symbol file (.bsf)
Info: 
Info: Starting: Create HDL design files for synthesis
Info: qsys-generate "E:\GEN1_ACTIVE_FPGA\Source\GABE\Cores Cyclone IV\TinyChipScope\TinyChipScope.qsys" --synthesis=VERILOG --output-directory="E:\GEN1_ACTIVE_FPGA\Source\GABE\Cores Cyclone IV\TinyChipScope\TinyChipScope\synthesis" --family="Cyclone IV E" --part=EP4CE115F29C8
Progress: Loading TinyChipScope/TinyChipScope.qsys
Progress: Reading input file
Progress: Adding signaltap_ii_logic_analyzer_0 [altera_signaltap_ii_logic_analyzer 18.1]
Progress: Parameterizing module signaltap_ii_logic_analyzer_0
Progress: Building connections
Progress: Parameterizing connections
Progress: Validating
Progress: Done reading input file
Info: TinyChipScope: Generating TinyChipScope "TinyChipScope" for QUARTUS_SYNTH
Info: signaltap_ii_logic_analyzer_0: "TinyChipScope" instantiated altera_signaltap_ii_logic_analyzer "signaltap_ii_logic_analyzer_0"
Info: TinyChipScope: Done "TinyChipScope" with 2 modules, 1 files
Info: qsys-generate succeeded.
Info: Finished: Create HDL design files for synthesis
