Flow report for CFP95179K
Sat Dec 13 18:37:05 2025
Quartus Prime Version 18.1.0 Build 625 09/12/2018 SJ Lite Edition


---------------------
; Table of Contents ;
---------------------
  1. Legal Notice
  2. Flow Summary
  3. Flow Settings
  4. Flow Non-Default Global Settings
  5. Flow Elapsed Time
  6. Flow OS Summary
  7. Flow Log
  8. Flow Messages
  9. Flow Suppressed Messages



----------------
; Legal Notice ;
----------------
Copyright (C) 2018  Intel Corporation. All rights reserved.
Your use of Intel Corporation's design tools, logic functions 
and other software and tools, and its AMPP partner logic 
functions, and any output files from any of the foregoing 
(including device programming or simulation files), and any 
associated documentation or information are expressly subject 
to the terms and conditions of the Intel Program License 
Subscription Agreement, the Intel Quartus Prime License Agreement,
the Intel FPGA IP License Agreement, or other applicable license
agreement, including, without limitation, that your use is for
the sole purpose of programming logic devices manufactured by
Intel and sold by Intel or its authorized distributors.  Please
refer to the applicable agreement for further details.



+----------------------------------------------------------------------------------+
; Flow Summary                                                                     ;
+------------------------------------+---------------------------------------------+
; Flow Status                        ; Successful - Sat Dec 13 18:36:22 2025       ;
; Quartus Prime Version              ; 18.1.0 Build 625 09/12/2018 SJ Lite Edition ;
; Revision Name                      ; CFP95179K                                   ;
; Top-level Entity Name              ; CFP95179K040V25_TOP                         ;
; Family                             ; Cyclone IV E                                ;
; Device                             ; EP4CE115F29C8                               ;
; Timing Models                      ; Final                                       ;
; Total logic elements               ; 40,993 / 114,480 ( 36 % )                   ;
;     Total combinational functions  ; 31,105 / 114,480 ( 27 % )                   ;
;     Dedicated logic registers      ; 24,174 / 114,480 ( 21 % )                   ;
; Total registers                    ; 24224                                       ;
; Total pins                         ; 514 / 529 ( 97 % )                          ;
; Total virtual pins                 ; 0                                           ;
; Total memory bits                  ; 1,197,584 / 3,981,312 ( 30 % )              ;
; Embedded Multiplier 9-bit elements ; 71 / 532 ( 13 % )                           ;
; Total PLLs                         ; 3 / 4 ( 75 % )                              ;
+------------------------------------+---------------------------------------------+


+-----------------------------------------+
; Flow Settings                           ;
+-------------------+---------------------+
; Option            ; Setting             ;
+-------------------+---------------------+
; Start date & time ; 12/13/2025 18:25:02 ;
; Main task         ; Compilation         ;
; Revision Name     ; CFP95179K           ;
+-------------------+---------------------+


+----------------------------------------------------------------------------------------------------------------------------------------------------------------------+
; Flow Non-Default Global Settings                                                                                                                                     ;
+--------------------------------------+----------------------------------------------------------------------------+---------------+---------------------+------------+
; Assignment Name                      ; Value                                                                      ; Default Value ; Entity Name         ; Section Id ;
+--------------------------------------+----------------------------------------------------------------------------+---------------+---------------------+------------+
; COMPILER_SIGNATURE_ID                ; 10995770589196.176567910108772                                             ; --            ; --                  ; --         ;
; FITTER_EFFORT                        ; Standard Fit                                                               ; Auto Fit      ; --                  ; --         ;
; MAX_CORE_JUNCTION_TEMP               ; 85                                                                         ; --            ; --                  ; --         ;
; MIN_CORE_JUNCTION_TEMP               ; 0                                                                          ; --            ; --                  ; --         ;
; MISC_FILE                            ; Source/VICKY III/Core/BIDIR_DATA8/BIDIR_DATA8_inst.v                       ; --            ; --                  ; --         ;
; MISC_FILE                            ; Source/VICKY III/Core/BIDIR_DATA8/BIDIR_DATA8_bb.v                         ; --            ; --                  ; --         ;
; MISC_FILE                            ; Source/GABE/Core/A2560K_KB_FIFO16/A2560K_KB_FIFO16_inst.v                  ; --            ; --                  ; --         ;
; MISC_FILE                            ; Source/GABE/Core/A2560K_KB_FIFO16/A2560K_KB_FIFO16_bb.v                    ; --            ; --                  ; --         ;
; MISC_FILE                            ; Source/GABE/Core/RST_COMPARE/RST_COMPARE_inst.v                            ; --            ; --                  ; --         ;
; MISC_FILE                            ; Source/GABE/Core/RST_COMPARE/RST_COMPARE_bb.v                              ; --            ; --                  ; --         ;
; MISC_FILE                            ; Source/GABE/Core/CLK32_COUNTER/CLK32_COUNTER_inst.v                        ; --            ; --                  ; --         ;
; MISC_FILE                            ; Source/GABE/Core/CLK32_COUNTER/CLK32_COUNTER_bb.v                          ; --            ; --                  ; --         ;
; MISC_FILE                            ; Source/GABE/Core/LPC_BIDIRD/LPC_BIDir_inst.v                               ; --            ; --                  ; --         ;
; MISC_FILE                            ; Source/GABE/Core/LPC_BIDIRD/LPC_BIDir_bb.v                                 ; --            ; --                  ; --         ;
; MISC_FILE                            ; Source/GABE/Core/LPC_BIDIR_SIRQ/LPC_BIDir_SIRQ_bb.v                        ; --            ; --                  ; --         ;
; MISC_FILE                            ; Source/BEATRIX/Core/CHIPTUNE_FIFO/CHIPTUNE_FIFO_inst.v                     ; --            ; --                  ; --         ;
; MISC_FILE                            ; Source/BEATRIX/Core/CHIPTUNE_FIFO/CHIPTUNE_FIFO_bb.v                       ; --            ; --                  ; --         ;
; MISC_FILE                            ; Source/VICKY III/Core/I2CBIDIR/I2CBIDIR_inst.v                             ; --            ; --                  ; --         ;
; MISC_FILE                            ; Source/VICKY III/Core/I2CBIDIR/I2CBIDIR_bb.v                               ; --            ; --                  ; --         ;
; MISC_FILE                            ; Source/VICKY III/Core/DDR_Pixel_Out/DDR_Pixel_Out.bsf                      ; --            ; --                  ; --         ;
; MISC_FILE                            ; Source/VICKY III/Core/DDR_Pixel_Out/DDR_Pixel_Out_inst.v                   ; --            ; --                  ; --         ;
; MISC_FILE                            ; Source/VICKY III/Core/DDR_Pixel_Out/DDR_Pixel_Out_bb.v                     ; --            ; --                  ; --         ;
; MISC_FILE                            ; Source/VICKY III/Core/DDR_Pixel_Out/DDR_Pixel_Out.inc                      ; --            ; --                  ; --         ;
; MISC_FILE                            ; Source/VICKY III/Core/DDR_Pixel_Out/DDR_Pixel_Out.cmp                      ; --            ; --                  ; --         ;
; MISC_FILE                            ; Source/VICKY III/Core/DDR_Pixel_Out/DDR_Pixel_Out.ppf                      ; --            ; --                  ; --         ;
; MISC_FILE                            ; Source/VICKY III/Core/VIDEO_PLL/VIDEO_PLL_inst.v                           ; --            ; --                  ; --         ;
; MISC_FILE                            ; Source/VICKY III/Core/VIDEO_PLL/VIDEO_PLL_bb.v                             ; --            ; --                  ; --         ;
; MISC_FILE                            ; Source/VICKY III/Core/VIDEO_PLL/VIDEO_PLL.ppf                              ; --            ; --                  ; --         ;
; MISC_FILE                            ; Source/VICKY III/Core/FONT_2PORT_MEM/FONT_2PORT_MEM_inst.v                 ; --            ; --                  ; --         ;
; MISC_FILE                            ; Source/VICKY III/Core/FONT_2PORT_MEM/FONT_2PORT_MEM_bb.v                   ; --            ; --                  ; --         ;
; MISC_FILE                            ; Source/VICKY III/Core/TextAddy_Mult/TextAddy_Mult_inst.v                   ; --            ; --                  ; --         ;
; MISC_FILE                            ; Source/VICKY III/Core/TextAddy_Mult/TextAddy_Mult_bb.v                     ; --            ; --                  ; --         ;
; MISC_FILE                            ; Source/VICKY III/Core/TEXT_MEM_TEST/TEXT_MEM_TEST_inst.v                   ; --            ; --                  ; --         ;
; MISC_FILE                            ; Source/VICKY III/Core/TEXT_MEM_TEST/TEXT_MEM_TEST_bb.v                     ; --            ; --                  ; --         ;
; MISC_FILE                            ; Source/VICKY III/Core/FONT_ROM/FONT_ROM_inst.v                             ; --            ; --                  ; --         ;
; MISC_FILE                            ; Source/VICKY III/Core/FONT_ROM/FONT_ROM_bb.v                               ; --            ; --                  ; --         ;
; MISC_FILE                            ; Source/A2560K/Core/BIDIR_SIGNAL/BIDIR_SIGNAL_inst.v                        ; --            ; --                  ; --         ;
; MISC_FILE                            ; Source/A2560K/Core/BIDIR_SIGNAL/BIDIR_SIGNAL_bb.v                          ; --            ; --                  ; --         ;
; MISC_FILE                            ; Source/A2560K/Core/BIDIR_ADDY/BIDIR_ADDY_inst.v                            ; --            ; --                  ; --         ;
; MISC_FILE                            ; Source/A2560K/Core/BIDIR_ADDY/BIDIR_ADDY_bb.v                              ; --            ; --                  ; --         ;
; MISC_FILE                            ; Source/A2560K/Core/BIDIR_DATA16/BIDIR_DATA16_bb.v                          ; --            ; --                  ; --         ;
; MISC_FILE                            ; Source/A2560K/Core/Serial_2_Debug_CMD/Serial_2_Debug_CMD_inst.v            ; --            ; --                  ; --         ;
; MISC_FILE                            ; Source/A2560K/Core/Serial_2_Debug_CMD/Serial_2_Debug_CMD_bb.v              ; --            ; --                  ; --         ;
; MISC_FILE                            ; Source/A2560K/Core/Debug_Serial_Buffer/Debug_Serial_Buffer_inst.v          ; --            ; --                  ; --         ;
; MISC_FILE                            ; Source/A2560K/Core/Debug_Serial_Buffer/Debug_Serial_Buffer_bb.v            ; --            ; --                  ; --         ;
; MISC_FILE                            ; Source/A2560K/Core/CPU_2_Serial_CMD/CPU_2_Serial_CMD_inst.v                ; --            ; --                  ; --         ;
; MISC_FILE                            ; Source/A2560K/Core/CPU_2_Serial_CMD/CPU_2_Serial_CMD_bb.v                  ; --            ; --                  ; --         ;
; MISC_FILE                            ; Source/A2560K/Core/SerialRX/SerialRX_inst.v                                ; --            ; --                  ; --         ;
; MISC_FILE                            ; Source/A2560K/Core/SerialRX/SerialRX_bb.v                                  ; --            ; --                  ; --         ;
; MISC_FILE                            ; Source/A2560K/Core/PLL_SDCard_Debug/PLL_SDCard_Debug_inst.v                ; --            ; --                  ; --         ;
; MISC_FILE                            ; Source/A2560K/Core/PLL_SDCard_Debug/PLL_SDCard_Debug_bb.v                  ; --            ; --                  ; --         ;
; MISC_FILE                            ; Source/A2560K/Core/PLL_SDCard_Debug/PLL_SDCard_Debug.ppf                   ; --            ; --                  ; --         ;
; MISC_FILE                            ; Source/VICKY III/Core/TEXT_MEM16_BLK/TEXT_MEM16_BLK_inst.v                 ; --            ; --                  ; --         ;
; MISC_FILE                            ; Source/VICKY III/Core/TEXT_MEM16_BLK/TEXT_MEM16_BLK_bb.v                   ; --            ; --                  ; --         ;
; MISC_FILE                            ; Source/VICKY III/Core/TEXT_CLR_LUT/TEXT_CLR_LUT_inst.v                     ; --            ; --                  ; --         ;
; MISC_FILE                            ; Source/VICKY III/Core/TEXT_CLR_LUT/TEXT_CLR_LUT_bb.v                       ; --            ; --                  ; --         ;
; MISC_FILE                            ; Source/GABE/Core/SIGNED_MULT16/SIGNED_MULT16_inst.v                        ; --            ; --                  ; --         ;
; MISC_FILE                            ; Source/GABE/Core/SIGNED_MULT16/SIGNED_MULT16_bb.v                          ; --            ; --                  ; --         ;
; MISC_FILE                            ; Source/GABE/Core/UNSIGNED_MULT16/UNSIGNED_MULT16_inst.v                    ; --            ; --                  ; --         ;
; MISC_FILE                            ; Source/GABE/Core/UNSIGNED_MULT16/UNSIGNED_MULT16_bb.v                      ; --            ; --                  ; --         ;
; MISC_FILE                            ; Source/GABE/Core/UNSIGNED_DIV16/UNSIGNED_DIV16_inst.v                      ; --            ; --                  ; --         ;
; MISC_FILE                            ; Source/GABE/Core/UNSIGNED_DIV16/UNSIGNED_DIV16_bb.v                        ; --            ; --                  ; --         ;
; MISC_FILE                            ; Source/GABE/Core/SIGNED_DIV16/SIGNED_DIV16_inst.v                          ; --            ; --                  ; --         ;
; MISC_FILE                            ; Source/GABE/Core/SIGNED_DIV16/SIGNED_DIV16_bb.v                            ; --            ; --                  ; --         ;
; MISC_FILE                            ; Source/GABE/Core/LPC_CMD_FIFO/LPC_CMD_FIFO_inst.v                          ; --            ; --                  ; --         ;
; MISC_FILE                            ; Source/GABE/Core/LPC_CMD_FIFO/LPC_CMD_FIFO_bb.v                            ; --            ; --                  ; --         ;
; MISC_FILE                            ; Source/GABE/Core/RST_COUNTER/RST_COUNTER_inst.v                            ; --            ; --                  ; --         ;
; MISC_FILE                            ; Source/GABE/Core/RST_COUNTER/RST_COUNTER_bb.v                              ; --            ; --                  ; --         ;
; MISC_FILE                            ; Source/MERA/Core/SDRAM_DATA_FIFO/SDRAM_DATA_FIFO_inst.v                    ; --            ; --                  ; --         ;
; MISC_FILE                            ; Source/MERA/Core/SDRAM_DATA_FIFO/SDRAM_DATA_FIFO_bb.v                      ; --            ; --                  ; --         ;
; MISC_FILE                            ; Source/GABE/Core/RTC_BIDIR_8BITS/RTC_BIDIR_8BITS_inst.v                    ; --            ; --                  ; --         ;
; MISC_FILE                            ; Source/GABE/Core/RTC_BIDIR_8BITS/RTC_BIDIR_8BITS_bb.v                      ; --            ; --                  ; --         ;
; MISC_FILE                            ; Source/GABE/Core/TIMERCOUNTER32/TimerCounter32_inst.v                      ; --            ; --                  ; --         ;
; MISC_FILE                            ; Source/GABE/Core/TIMERCOUNTER32/TimerCounter32_bb.v                        ; --            ; --                  ; --         ;
; MISC_FILE                            ; Source/GABE/Core/TIMERCOMPARE32/TimerCompare32_inst.v                      ; --            ; --                  ; --         ;
; MISC_FILE                            ; Source/GABE/Core/TIMERCOMPARE32/TimerCompare32_bb.v                        ; --            ; --                  ; --         ;
; MISC_FILE                            ; Source/VICKY III/Core/GAMMA_Channel/GAMMA_Channel_inst.v                   ; --            ; --                  ; --         ;
; MISC_FILE                            ; Source/VICKY III/Core/GAMMA_Channel/GAMMA_Channel_bb.v                     ; --            ; --                  ; --         ;
; MISC_FILE                            ; Source/VICKY III/Core/Sprite_Register_Block/Sprite_Register_Block_inst.v   ; --            ; --                  ; --         ;
; MISC_FILE                            ; Source/VICKY III/Core/Sprite_Register_Block/Sprite_Register_Block_bb.v     ; --            ; --                  ; --         ;
; MISC_FILE                            ; Source/VICKY III/Core/ADDY_COUNTER/ADDY_COUNTER_inst.v                     ; --            ; --                  ; --         ;
; MISC_FILE                            ; Source/VICKY III/Core/ADDY_COUNTER/ADDY_COUNTER_bb.v                       ; --            ; --                  ; --         ;
; MISC_FILE                            ; Source/VICKY III/Core/ADDY_COMPARE/ADDY_COMPARE_inst.v                     ; --            ; --                  ; --         ;
; MISC_FILE                            ; Source/VICKY III/Core/ADDY_COMPARE/ADDY_COMPARE_bb.v                       ; --            ; --                  ; --         ;
; MISC_FILE                            ; Source/VICKY III/Core/VICKYII_Pixel32_8Line/VICKYII_Pixel32_8Line_inst.v   ; --            ; --                  ; --         ;
; MISC_FILE                            ; Source/VICKY III/Core/VICKYII_Pixel32_8Line/VICKYII_Pixel32_8Line_bb.v     ; --            ; --                  ; --         ;
; MISC_FILE                            ; Source/VICKY III/Core/DMA_MULT_BLK/DMA_MULT_BLK_inst.v                     ; --            ; --                  ; --         ;
; MISC_FILE                            ; Source/VICKY III/Core/DMA_MULT_BLK/DMA_MULT_BLK_bb.v                       ; --            ; --                  ; --         ;
; MISC_FILE                            ; Source/VICKY III/Core/ADDY_ADDER/ADDY_ADDER_inst.v                         ; --            ; --                  ; --         ;
; MISC_FILE                            ; Source/VICKY III/Core/ADDY_ADDER/ADDY_ADDER_bb.v                           ; --            ; --                  ; --         ;
; MISC_FILE                            ; Source/VICKY III/Core/TILEMAP_2Lines_Capture/TILEMAP_2Lines_Capture_inst.v ; --            ; --                  ; --         ;
; MISC_FILE                            ; Source/VICKY III/Core/TILEMAP_2Lines_Capture/TILEMAP_2Lines_Capture_bb.v   ; --            ; --                  ; --         ;
; MISC_FILE                            ; Source/VICKY III/Core/SPRITE_FIFO_DATA/SPRITE_FIFO_DATA_inst.v             ; --            ; --                  ; --         ;
; MISC_FILE                            ; Source/VICKY III/Core/SPRITE_FIFO_DATA/SPRITE_FIFO_DATA_bb.v               ; --            ; --                  ; --         ;
; MISC_FILE                            ; Source/VICKY III/Core/SPRITE_FIFO_ATTR/SPRITE_FIFO_ATTR_inst.v             ; --            ; --                  ; --         ;
; MISC_FILE                            ; Source/VICKY III/Core/SPRITE_FIFO_ATTR/SPRITE_FIFO_ATTR_bb.v               ; --            ; --                  ; --         ;
; MISC_FILE                            ; Source/VICKY III/Core/VICKYII_Pixel8_8Line/VICKYII_Pixel8_8Line_inst.v     ; --            ; --                  ; --         ;
; MISC_FILE                            ; Source/VICKY III/Core/VICKYII_Pixel8_8Line/VICKYII_Pixel8_8Line_bb.v       ; --            ; --                  ; --         ;
; MISC_FILE                            ; Source/VICKY III/Core/VICKYII_PIXEL16_16LINE/VICKYII_PIXEL16_16LINE_inst.v ; --            ; --                  ; --         ;
; MISC_FILE                            ; Source/VICKY III/Core/VICKYII_PIXEL16_16LINE/VICKYII_PIXEL16_16LINE_bb.v   ; --            ; --                  ; --         ;
; MISC_FILE                            ; Source/VICKY III/Core/LUT32/LUT32_inst.v                                   ; --            ; --                  ; --         ;
; MISC_FILE                            ; Source/VICKY III/Core/LUT32/LUT32_bb.v                                     ; --            ; --                  ; --         ;
; MISC_FILE                            ; Source/VICKY III/Core/Final_RGB_Pixel_Line/Final_RGB_Pixel_Line_inst.v     ; --            ; --                  ; --         ;
; MISC_FILE                            ; Source/VICKY III/Core/Final_RGB_Pixel_Line/Final_RGB_Pixel_Line_bb.v       ; --            ; --                  ; --         ;
; MISC_FILE                            ; Source/VICKY III/Core/CPU_2_DRAM_FIFO/CPU_2_DRAM_FIFO_inst.v               ; --            ; --                  ; --         ;
; MISC_FILE                            ; Source/VICKY III/Core/CPU_2_DRAM_FIFO/CPU_2_DRAM_FIFO_bb.v                 ; --            ; --                  ; --         ;
; MISC_FILE                            ; Source/BEATRIX/Core/SID_CMD_Write_FIFO/SID_CMD_Write_FIFO_inst.v           ; --            ; --                  ; --         ;
; MISC_FILE                            ; Source/BEATRIX/Core/SID_CMD_Write_FIFO/SID_CMD_Write_FIFO_bb.v             ; --            ; --                  ; --         ;
; MISC_FILE                            ; Source/BEATRIX/Core/CPU_2_CODEC_DAC_FIFO/CPU_2_CODEC_DAC_FIFO_inst.v       ; --            ; --                  ; --         ;
; MISC_FILE                            ; Source/BEATRIX/Core/CPU_2_CODEC_DAC_FIFO/CPU_2_CODEC_DAC_FIFO_bb.v         ; --            ; --                  ; --         ;
; MISC_FILE                            ; Source/VICKY III/Core/MouserPointerSprite/MousePointerSprite_inst.v        ; --            ; --                  ; --         ;
; MISC_FILE                            ; Source/VICKY III/Core/MouserPointerSprite/MousePointerSprite_bb.v          ; --            ; --                  ; --         ;
; MISC_FILE                            ; Source/GABE/Core/LPC_DATA_FIFO/LPC_DATA_FIFO_inst.v                        ; --            ; --                  ; --         ;
; MISC_FILE                            ; Source/GABE/Core/LPC_DATA_FIFO/LPC_DATA_FIFO_bb.v                          ; --            ; --                  ; --         ;
; MISC_FILE                            ; Source/A2560K/Core/Reset_Counter/Reset_Counter_inst.v                      ; --            ; --                  ; --         ;
; MISC_FILE                            ; Source/A2560K/Core/Reset_Counter/Reset_Counter_bb.v                        ; --            ; --                  ; --         ;
; MISC_FILE                            ; Source/VICKY III/Core/FONT_DP_MEM/FONT_DP_MEM_inst.v                       ; --            ; --                  ; --         ;
; MISC_FILE                            ; Source/VICKY III/Core/FONT_DP_MEM/FONT_DP_MEM_bb.v                         ; --            ; --                  ; --         ;
; MISC_FILE                            ; Source/A2560K/Core/BIDIR_DATA32/BIDIR_DATA32_inst.v                        ; --            ; --                  ; --         ;
; MISC_FILE                            ; Source/A2560K/Core/BIDIR_DATA32/BIDIR_DATA32_bb.v                          ; --            ; --                  ; --         ;
; MISC_FILE                            ; Source/GABE/Core/SIGNAL_TA_GROUP_OC/SIGNAL_TA_GROUP_OC_inst.v              ; --            ; --                  ; --         ;
; MISC_FILE                            ; Source/GABE/Core/SIGNAL_TA_GROUP_OC/SIGNAL_TA_GROUP_OC_bb.v                ; --            ; --                  ; --         ;
; MISC_FILE                            ; Source/VICKY III/Core/TEXT_MEM32_BLK/TEXT_MEM32_BLK_inst.v                 ; --            ; --                  ; --         ;
; MISC_FILE                            ; Source/VICKY III/Core/TEXT_MEM32_BLK/TEXT_MEM32_BLK_bb.v                   ; --            ; --                  ; --         ;
; MISC_FILE                            ; Source/VICKY III/Core/VIDEO_PLL_CHANNELB/VIDEO_PLL_CHANNELB_inst.v         ; --            ; --                  ; --         ;
; MISC_FILE                            ; Source/VICKY III/Core/VIDEO_PLL_CHANNELB/VIDEO_PLL_CHANNELB_bb.v           ; --            ; --                  ; --         ;
; MISC_FILE                            ; Source/VICKY III/Core/VIDEO_PLL_CHANNELB/VIDEO_PLL_CHANNELB.ppf            ; --            ; --                  ; --         ;
; MISC_FILE                            ; Source/BEATRIX/Core/CT_FIFO/CT_FIFO_inst.v                                 ; --            ; --                  ; --         ;
; MISC_FILE                            ; Source/BEATRIX/Core/CT_FIFO/CT_FIFO_bb.v                                   ; --            ; --                  ; --         ;
; MISC_FILE                            ; Source/MERA/Core/SDRAM_CMD_FIFO/SDRAM_CMD_FIFO_inst.v                      ; --            ; --                  ; --         ;
; MISC_FILE                            ; Source/MERA/Core/SDRAM_CMD_FIFO/SDRAM_CMD_FIFO_bb.v                        ; --            ; --                  ; --         ;
; MISC_FILE                            ; Source/GABE/Core/LPC_DMA_DP/LPC_DMA_DP_inst.v                              ; --            ; --                  ; --         ;
; MISC_FILE                            ; Source/GABE/Core/LPC_DMA_DP/LPC_DMA_DP_bb.v                                ; --            ; --                  ; --         ;
; MUX_RESTRUCTURE                      ; Off                                                                        ; Auto          ; --                  ; --         ;
; NOMINAL_CORE_SUPPLY_VOLTAGE          ; 1.2V                                                                       ; --            ; --                  ; --         ;
; OPTIMIZATION_MODE                    ; Aggressive Performance                                                     ; Balanced      ; --                  ; --         ;
; OUTPUT_IO_TIMING_FAR_END_VMEAS       ; Half Signal Swing                                                          ; --            ; --                  ; --         ;
; OUTPUT_IO_TIMING_FAR_END_VMEAS       ; Half Signal Swing                                                          ; --            ; --                  ; --         ;
; OUTPUT_IO_TIMING_NEAR_END_VMEAS      ; Half Vccio                                                                 ; --            ; --                  ; --         ;
; OUTPUT_IO_TIMING_NEAR_END_VMEAS      ; Half Vccio                                                                 ; --            ; --                  ; --         ;
; PARTITION_COLOR                      ; -- (Not supported for targeted family)                                     ; --            ; CFP95179K040V25_TOP ; Top        ;
; PARTITION_FITTER_PRESERVATION_LEVEL  ; -- (Not supported for targeted family)                                     ; --            ; CFP95179K040V25_TOP ; Top        ;
; PARTITION_NETLIST_TYPE               ; -- (Not supported for targeted family)                                     ; --            ; CFP95179K040V25_TOP ; Top        ;
; PHYSICAL_SYNTHESIS_COMBO_LOGIC       ; On                                                                         ; Off           ; --                  ; --         ;
; PHYSICAL_SYNTHESIS_REGISTER_RETIMING ; On                                                                         ; Off           ; --                  ; --         ;
; PLACEMENT_EFFORT_MULTIPLIER          ; 4.0                                                                        ; 1.0           ; --                  ; --         ;
; POWER_BOARD_THERMAL_MODEL            ; None (CONSERVATIVE)                                                        ; --            ; --                  ; --         ;
; POWER_PRESET_COOLING_SOLUTION        ; 23 MM HEAT SINK WITH 200 LFPM AIRFLOW                                      ; --            ; --                  ; --         ;
; PROJECT_OUTPUT_DIRECTORY             ; output_files                                                               ; --            ; --                  ; --         ;
; ROUTER_TIMING_OPTIMIZATION_LEVEL     ; MAXIMUM                                                                    ; Normal        ; --                  ; --         ;
; TOP_LEVEL_ENTITY                     ; CFP95179K040V25_TOP                                                        ; CFP95179K     ; --                  ; --         ;
; VERILOG_INPUT_VERSION                ; SystemVerilog_2005                                                         ; Verilog_2001  ; --                  ; --         ;
; VERILOG_SHOW_LMF_MAPPING_MESSAGES    ; Off                                                                        ; --            ; --                  ; --         ;
+--------------------------------------+----------------------------------------------------------------------------+---------------+---------------------+------------+


+--------------------------------------------------------------------------------------------------------------------------+
; Flow Elapsed Time                                                                                                        ;
+----------------------+--------------+-------------------------+---------------------+------------------------------------+
; Module Name          ; Elapsed Time ; Average Processors Used ; Peak Virtual Memory ; Total CPU Time (on all processors) ;
+----------------------+--------------+-------------------------+---------------------+------------------------------------+
; Analysis & Synthesis ; 00:04:50     ; 1.0                     ; 5386 MB             ; 00:06:52                           ;
; Fitter               ; 00:05:52     ; 1.3                     ; 6726 MB             ; 00:15:51                           ;
; Assembler            ; 00:00:09     ; 1.0                     ; 4833 MB             ; 00:00:08                           ;
; Timing Analyzer      ; 00:00:41     ; 1.9                     ; 5420 MB             ; 00:00:47                           ;
; Total                ; 00:11:32     ; --                      ; --                  ; 00:23:38                           ;
+----------------------+--------------+-------------------------+---------------------+------------------------------------+


+------------------------------------------------------------------------------------+
; Flow OS Summary                                                                    ;
+----------------------+------------------+------------+------------+----------------+
; Module Name          ; Machine Hostname ; OS Name    ; OS Version ; Processor type ;
+----------------------+------------------+------------+------------+----------------+
; Analysis & Synthesis ; DESKTOP-J3QE1JB  ; Windows 10 ; 10.0       ; x86_64         ;
; Fitter               ; DESKTOP-J3QE1JB  ; Windows 10 ; 10.0       ; x86_64         ;
; Assembler            ; DESKTOP-J3QE1JB  ; Windows 10 ; 10.0       ; x86_64         ;
; Timing Analyzer      ; DESKTOP-J3QE1JB  ; Windows 10 ; 10.0       ; x86_64         ;
+----------------------+------------------+------------+------------+----------------+


------------
; Flow Log ;
------------
quartus_map --read_settings_files=on --write_settings_files=off CFP95179K -c CFP95179K
quartus_fit --read_settings_files=off --write_settings_files=off CFP95179K -c CFP95179K
quartus_asm --read_settings_files=off --write_settings_files=off CFP95179K -c CFP95179K
quartus_sta CFP95179K -c CFP95179K



