Flow report for A2560X60Plus_Project
Mon Apr 20 14:29:20 2026
Quartus II 64-Bit Version 13.1.4 Build 182 03/12/2014 SJ Web Edition


---------------------
; Table of Contents ;
---------------------
  1. Legal Notice
  2. Flow Summary
  3. Flow Settings
  4. Flow Non-Default Global Settings
  5. Flow Elapsed Time
  6. Flow OS Summary
  7. Flow Log
  8. Flow Messages
  9. Flow Suppressed Messages



----------------
; Legal Notice ;
----------------
Copyright (C) 1991-2014 Altera Corporation
Your use of Altera Corporation's design tools, logic functions 
and other software and tools, and its AMPP partner logic 
functions, and any output files from any of the foregoing 
(including device programming or simulation files), and any 
associated documentation or information are expressly subject 
to the terms and conditions of the Altera Program License 
Subscription Agreement, Altera MegaCore Function License 
Agreement, or other applicable license agreement, including, 
without limitation, that your use is for the sole purpose of 
programming logic devices manufactured by Altera and sold by 
Altera or its authorized distributors.  Please refer to the 
applicable agreement for further details.



+---------------------------------------------------------------------------------+
; Flow Summary                                                                    ;
+------------------------------------+--------------------------------------------+
; Flow Status                        ; Successful - Mon Apr 20 14:29:01 2026      ;
; Quartus II 64-Bit Version          ; 13.1.4 Build 182 03/12/2014 SJ Web Edition ;
; Revision Name                      ; A2560X60Plus_Project                       ;
; Top-level Entity Name              ; A2560X60Plus_Top                           ;
; Family                             ; Cyclone III                                ;
; Device                             ; EP3C120F780C8                              ;
; Timing Models                      ; Final                                      ;
; Total logic elements               ; 31,770 / 119,088 ( 27 % )                  ;
;     Total combinational functions  ; 25,521 / 119,088 ( 21 % )                  ;
;     Dedicated logic registers      ; 17,662 / 119,088 ( 15 % )                  ;
; Total registers                    ; 17712                                      ;
; Total pins                         ; 522 / 532 ( 98 % )                         ;
; Total virtual pins                 ; 0                                          ;
; Total memory bits                  ; 1,079,956 / 3,981,312 ( 27 % )             ;
; Embedded Multiplier 9-bit elements ; 30 / 576 ( 5 % )                           ;
; Total PLLs                         ; 3 / 4 ( 75 % )                             ;
+------------------------------------+--------------------------------------------+


+------------------------------------------+
; Flow Settings                            ;
+-------------------+----------------------+
; Option            ; Setting              ;
+-------------------+----------------------+
; Start date & time ; 04/20/2026 14:25:58  ;
; Main task         ; Compilation          ;
; Revision Name     ; A2560X60Plus_Project ;
+-------------------+----------------------+


+-----------------------------------------------------------------------------------------------------------------------------------------------------------------------------------------+
; Flow Non-Default Global Settings                                                                                                                                                        ;
+-------------------------------------+--------------------------------------------------------------------------------------------+----------------------+------------------+------------+
; Assignment Name                     ; Value                                                                                      ; Default Value        ; Entity Name      ; Section Id ;
+-------------------------------------+--------------------------------------------------------------------------------------------+----------------------+------------------+------------+
; COMPILER_SIGNATURE_ID               ; 145815583226792.177672035846688                                                            ; --                   ; --               ; --         ;
; CYCLONEII_OPTIMIZATION_TECHNIQUE    ; Speed                                                                                      ; Balanced             ; --               ; --         ;
; IP_TOOL_NAME                        ; FIFO                                                                                       ; --                   ; --               ; --         ;
; IP_TOOL_NAME                        ; FIFO                                                                                       ; --                   ; --               ; --         ;
; IP_TOOL_NAME                        ; FIFO                                                                                       ; --                   ; --               ; --         ;
; IP_TOOL_NAME                        ; FIFO                                                                                       ; --                   ; --               ; --         ;
; IP_TOOL_NAME                        ; FIFO                                                                                       ; --                   ; --               ; --         ;
; IP_TOOL_NAME                        ; FIFO                                                                                       ; --                   ; --               ; --         ;
; IP_TOOL_NAME                        ; RAM: 2-PORT                                                                                ; --                   ; --               ; --         ;
; IP_TOOL_NAME                        ; FIFO                                                                                       ; --                   ; --               ; --         ;
; IP_TOOL_NAME                        ; FIFO                                                                                       ; --                   ; --               ; --         ;
; IP_TOOL_NAME                        ; FIFO                                                                                       ; --                   ; --               ; --         ;
; IP_TOOL_NAME                        ; LPM_MULT                                                                                   ; --                   ; --               ; --         ;
; IP_TOOL_NAME                        ; LPM_DIVIDE                                                                                 ; --                   ; --               ; --         ;
; IP_TOOL_NAME                        ; LPM_DIVIDE                                                                                 ; --                   ; --               ; --         ;
; IP_TOOL_NAME                        ; LPM_MULT                                                                                   ; --                   ; --               ; --         ;
; IP_TOOL_NAME                        ; LPM_COUNTER                                                                                ; --                   ; --               ; --         ;
; IP_TOOL_NAME                        ; SignalTap II Logic Analyzer                                                                ; --                   ; --               ; --         ;
; IP_TOOL_NAME                        ; In-System Sources and Probes                                                               ; --                   ; --               ; --         ;
; IP_TOOL_NAME                        ; ALTPLL                                                                                     ; --                   ; --               ; --         ;
; IP_TOOL_NAME                        ; ALTIOBUF                                                                                   ; --                   ; --               ; --         ;
; IP_TOOL_NAME                        ; ALTIOBUF                                                                                   ; --                   ; --               ; --         ;
; IP_TOOL_NAME                        ; ALTIOBUF                                                                                   ; --                   ; --               ; --         ;
; IP_TOOL_NAME                        ; ALTIOBUF                                                                                   ; --                   ; --               ; --         ;
; IP_TOOL_NAME                        ; ALTIOBUF                                                                                   ; --                   ; --               ; --         ;
; IP_TOOL_NAME                        ; ALTIOBUF                                                                                   ; --                   ; --               ; --         ;
; IP_TOOL_NAME                        ; LPM_COMPARE                                                                                ; --                   ; --               ; --         ;
; IP_TOOL_NAME                        ; LPM_COUNTER                                                                                ; --                   ; --               ; --         ;
; IP_TOOL_NAME                        ; FIFO                                                                                       ; --                   ; --               ; --         ;
; IP_TOOL_NAME                        ; FIFO                                                                                       ; --                   ; --               ; --         ;
; IP_TOOL_NAME                        ; ALTIOBUF                                                                                   ; --                   ; --               ; --         ;
; IP_TOOL_NAME                        ; ALTDDIO_OUT                                                                                ; --                   ; --               ; --         ;
; IP_TOOL_NAME                        ; RAM: 2-PORT                                                                                ; --                   ; --               ; --         ;
; IP_TOOL_NAME                        ; RAM: 2-PORT                                                                                ; --                   ; --               ; --         ;
; IP_TOOL_NAME                        ; RAM: 2-PORT                                                                                ; --                   ; --               ; --         ;
; IP_TOOL_NAME                        ; RAM: 2-PORT                                                                                ; --                   ; --               ; --         ;
; IP_TOOL_NAME                        ; PARALLEL_ADD                                                                               ; --                   ; --               ; --         ;
; IP_TOOL_NAME                        ; FIFO                                                                                       ; --                   ; --               ; --         ;
; IP_TOOL_NAME                        ; FIFO                                                                                       ; --                   ; --               ; --         ;
; IP_TOOL_NAME                        ; RAM: 2-PORT                                                                                ; --                   ; --               ; --         ;
; IP_TOOL_NAME                        ; RAM: 2-PORT                                                                                ; --                   ; --               ; --         ;
; IP_TOOL_NAME                        ; LPM_MULT                                                                                   ; --                   ; --               ; --         ;
; IP_TOOL_NAME                        ; LPM_COMPARE                                                                                ; --                   ; --               ; --         ;
; IP_TOOL_NAME                        ; LPM_COUNTER                                                                                ; --                   ; --               ; --         ;
; IP_TOOL_NAME                        ; ALTIOBUF                                                                                   ; --                   ; --               ; --         ;
; IP_TOOL_NAME                        ; FIFO                                                                                       ; --                   ; --               ; --         ;
; IP_TOOL_NAME                        ; RAM: 2-PORT                                                                                ; --                   ; --               ; --         ;
; IP_TOOL_NAME                        ; LPM_MULT                                                                                   ; --                   ; --               ; --         ;
; IP_TOOL_NAME                        ; RAM: 2-PORT                                                                                ; --                   ; --               ; --         ;
; IP_TOOL_NAME                        ; ALTIOBUF                                                                                   ; --                   ; --               ; --         ;
; IP_TOOL_NAME                        ; ALTCLKCTRL                                                                                 ; --                   ; --               ; --         ;
; IP_TOOL_NAME                        ; ALTPLL                                                                                     ; --                   ; --               ; --         ;
; IP_TOOL_NAME                        ; ALTPLL                                                                                     ; --                   ; --               ; --         ;
; IP_TOOL_NAME                        ; RAM: 2-PORT                                                                                ; --                   ; --               ; --         ;
; IP_TOOL_NAME                        ; RAM: 2-PORT                                                                                ; --                   ; --               ; --         ;
; IP_TOOL_NAME                        ; RAM: 2-PORT                                                                                ; --                   ; --               ; --         ;
; IP_TOOL_NAME                        ; RAM: 2-PORT                                                                                ; --                   ; --               ; --         ;
; IP_TOOL_NAME                        ; RAM: 2-PORT                                                                                ; --                   ; --               ; --         ;
; IP_TOOL_NAME                        ; ALTDDIO_OUT                                                                                ; --                   ; --               ; --         ;
; IP_TOOL_NAME                        ; RAM: 2-PORT                                                                                ; --                   ; --               ; --         ;
; IP_TOOL_NAME                        ; RAM: 2-PORT                                                                                ; --                   ; --               ; --         ;
; IP_TOOL_NAME                        ; ALTPLL                                                                                     ; --                   ; --               ; --         ;
; IP_TOOL_NAME                        ; RAM: 2-PORT                                                                                ; --                   ; --               ; --         ;
; IP_TOOL_NAME                        ; RAM: 2-PORT                                                                                ; --                   ; --               ; --         ;
; IP_TOOL_NAME                        ; RAM: 2-PORT                                                                                ; --                   ; --               ; --         ;
; IP_TOOL_NAME                        ; RAM: 2-PORT                                                                                ; --                   ; --               ; --         ;
; IP_TOOL_NAME                        ; RAM: 2-PORT                                                                                ; --                   ; --               ; --         ;
; IP_TOOL_NAME                        ; FIFO                                                                                       ; --                   ; --               ; --         ;
; IP_TOOL_VERSION                     ; 13.1                                                                                       ; --                   ; --               ; --         ;
; IP_TOOL_VERSION                     ; 13.1                                                                                       ; --                   ; --               ; --         ;
; IP_TOOL_VERSION                     ; 13.1                                                                                       ; --                   ; --               ; --         ;
; IP_TOOL_VERSION                     ; 13.1                                                                                       ; --                   ; --               ; --         ;
; IP_TOOL_VERSION                     ; 13.1                                                                                       ; --                   ; --               ; --         ;
; IP_TOOL_VERSION                     ; 13.1                                                                                       ; --                   ; --               ; --         ;
; IP_TOOL_VERSION                     ; 13.1                                                                                       ; --                   ; --               ; --         ;
; IP_TOOL_VERSION                     ; 13.1                                                                                       ; --                   ; --               ; --         ;
; IP_TOOL_VERSION                     ; 13.1                                                                                       ; --                   ; --               ; --         ;
; IP_TOOL_VERSION                     ; 13.1                                                                                       ; --                   ; --               ; --         ;
; IP_TOOL_VERSION                     ; 13.1                                                                                       ; --                   ; --               ; --         ;
; IP_TOOL_VERSION                     ; 13.1                                                                                       ; --                   ; --               ; --         ;
; IP_TOOL_VERSION                     ; 13.1                                                                                       ; --                   ; --               ; --         ;
; IP_TOOL_VERSION                     ; 13.1                                                                                       ; --                   ; --               ; --         ;
; IP_TOOL_VERSION                     ; 13.1                                                                                       ; --                   ; --               ; --         ;
; IP_TOOL_VERSION                     ; 13.1                                                                                       ; --                   ; --               ; --         ;
; IP_TOOL_VERSION                     ; 13.1                                                                                       ; --                   ; --               ; --         ;
; IP_TOOL_VERSION                     ; 13.1                                                                                       ; --                   ; --               ; --         ;
; IP_TOOL_VERSION                     ; 13.1                                                                                       ; --                   ; --               ; --         ;
; IP_TOOL_VERSION                     ; 13.1                                                                                       ; --                   ; --               ; --         ;
; IP_TOOL_VERSION                     ; 13.1                                                                                       ; --                   ; --               ; --         ;
; IP_TOOL_VERSION                     ; 13.1                                                                                       ; --                   ; --               ; --         ;
; IP_TOOL_VERSION                     ; 13.1                                                                                       ; --                   ; --               ; --         ;
; IP_TOOL_VERSION                     ; 13.1                                                                                       ; --                   ; --               ; --         ;
; IP_TOOL_VERSION                     ; 13.1                                                                                       ; --                   ; --               ; --         ;
; IP_TOOL_VERSION                     ; 13.1                                                                                       ; --                   ; --               ; --         ;
; IP_TOOL_VERSION                     ; 13.1                                                                                       ; --                   ; --               ; --         ;
; IP_TOOL_VERSION                     ; 13.1                                                                                       ; --                   ; --               ; --         ;
; IP_TOOL_VERSION                     ; 13.1                                                                                       ; --                   ; --               ; --         ;
; IP_TOOL_VERSION                     ; 13.1                                                                                       ; --                   ; --               ; --         ;
; IP_TOOL_VERSION                     ; 13.1                                                                                       ; --                   ; --               ; --         ;
; IP_TOOL_VERSION                     ; 13.1                                                                                       ; --                   ; --               ; --         ;
; IP_TOOL_VERSION                     ; 13.1                                                                                       ; --                   ; --               ; --         ;
; IP_TOOL_VERSION                     ; 13.1                                                                                       ; --                   ; --               ; --         ;
; IP_TOOL_VERSION                     ; 13.1                                                                                       ; --                   ; --               ; --         ;
; IP_TOOL_VERSION                     ; 13.1                                                                                       ; --                   ; --               ; --         ;
; IP_TOOL_VERSION                     ; 13.1                                                                                       ; --                   ; --               ; --         ;
; IP_TOOL_VERSION                     ; 13.1                                                                                       ; --                   ; --               ; --         ;
; IP_TOOL_VERSION                     ; 13.1                                                                                       ; --                   ; --               ; --         ;
; IP_TOOL_VERSION                     ; 13.1                                                                                       ; --                   ; --               ; --         ;
; IP_TOOL_VERSION                     ; 13.1                                                                                       ; --                   ; --               ; --         ;
; IP_TOOL_VERSION                     ; 13.1                                                                                       ; --                   ; --               ; --         ;
; IP_TOOL_VERSION                     ; 13.1                                                                                       ; --                   ; --               ; --         ;
; IP_TOOL_VERSION                     ; 13.1                                                                                       ; --                   ; --               ; --         ;
; IP_TOOL_VERSION                     ; 13.1                                                                                       ; --                   ; --               ; --         ;
; IP_TOOL_VERSION                     ; 13.1                                                                                       ; --                   ; --               ; --         ;
; IP_TOOL_VERSION                     ; 13.1                                                                                       ; --                   ; --               ; --         ;
; IP_TOOL_VERSION                     ; 13.1                                                                                       ; --                   ; --               ; --         ;
; IP_TOOL_VERSION                     ; 13.1                                                                                       ; --                   ; --               ; --         ;
; IP_TOOL_VERSION                     ; 13.1                                                                                       ; --                   ; --               ; --         ;
; IP_TOOL_VERSION                     ; 13.1                                                                                       ; --                   ; --               ; --         ;
; IP_TOOL_VERSION                     ; 13.1                                                                                       ; --                   ; --               ; --         ;
; IP_TOOL_VERSION                     ; 13.1                                                                                       ; --                   ; --               ; --         ;
; IP_TOOL_VERSION                     ; 13.1                                                                                       ; --                   ; --               ; --         ;
; IP_TOOL_VERSION                     ; 13.1                                                                                       ; --                   ; --               ; --         ;
; IP_TOOL_VERSION                     ; 13.1                                                                                       ; --                   ; --               ; --         ;
; IP_TOOL_VERSION                     ; 13.1                                                                                       ; --                   ; --               ; --         ;
; IP_TOOL_VERSION                     ; 13.1                                                                                       ; --                   ; --               ; --         ;
; IP_TOOL_VERSION                     ; 13.1                                                                                       ; --                   ; --               ; --         ;
; IP_TOOL_VERSION                     ; 13.1                                                                                       ; --                   ; --               ; --         ;
; IP_TOOL_VERSION                     ; 13.1                                                                                       ; --                   ; --               ; --         ;
; IP_TOOL_VERSION                     ; 13.1                                                                                       ; --                   ; --               ; --         ;
; IP_TOOL_VERSION                     ; 13.1                                                                                       ; --                   ; --               ; --         ;
; IP_TOOL_VERSION                     ; 13.1                                                                                       ; --                   ; --               ; --         ;
; IP_TOOL_VERSION                     ; 13.1                                                                                       ; --                   ; --               ; --         ;
; IP_TOOL_VERSION                     ; 13.1                                                                                       ; --                   ; --               ; --         ;
; MAX_CORE_JUNCTION_TEMP              ; 85                                                                                         ; --                   ; --               ; --         ;
; MIN_CORE_JUNCTION_TEMP              ; 0                                                                                          ; --                   ; --               ; --         ;
; MISC_FILE                           ; ../Source/BEATRIX/Cores Cyclone III/CPU_2_CODEC_DAC_FIFO/CPU_2_CODEC_DAC_FIFO_inst.v       ; --                   ; --               ; --         ;
; MISC_FILE                           ; ../Source/BEATRIX/Cores Cyclone III/CPU_2_CODEC_DAC_FIFO/CPU_2_CODEC_DAC_FIFO_bb.v         ; --                   ; --               ; --         ;
; MISC_FILE                           ; ../Source/BEATRIX/Cores Cyclone III/CT_FIFO/CT_FIFO_inst.v                                 ; --                   ; --               ; --         ;
; MISC_FILE                           ; ../Source/BEATRIX/Cores Cyclone III/CT_FIFO/CT_FIFO_bb.v                                   ; --                   ; --               ; --         ;
; MISC_FILE                           ; ../Source/BEATRIX/Cores Cyclone III/SID_CMD_Write_FIFO/SID_CMD_Write_FIFO_inst.v           ; --                   ; --               ; --         ;
; MISC_FILE                           ; ../Source/BEATRIX/Cores Cyclone III/SID_CMD_Write_FIFO/SID_CMD_Write_FIFO_bb.v             ; --                   ; --               ; --         ;
; MISC_FILE                           ; ../Source/BEATRIX/Cores Cyclone III/CHIPTUNE_FIFO/CHIPTUNE_FIFO_inst.v                     ; --                   ; --               ; --         ;
; MISC_FILE                           ; ../Source/BEATRIX/Cores Cyclone III/CHIPTUNE_FIFO/CHIPTUNE_FIFO_bb.v                       ; --                   ; --               ; --         ;
; MISC_FILE                           ; ../Source/GABE/Cores Cyclone III/Serial_2_Debug_CMD/Serial_2_Debug_CMD_inst.v              ; --                   ; --               ; --         ;
; MISC_FILE                           ; ../Source/GABE/Cores Cyclone III/Serial_2_Debug_CMD/Serial_2_Debug_CMD_bb.v                ; --                   ; --               ; --         ;
; MISC_FILE                           ; ../Source/GABE/Cores Cyclone III/CPU_2_Serial_CMD/CPU_2_Serial_CMD_inst.v                  ; --                   ; --               ; --         ;
; MISC_FILE                           ; ../Source/GABE/Cores Cyclone III/CPU_2_Serial_CMD/CPU_2_Serial_CMD_bb.v                    ; --                   ; --               ; --         ;
; MISC_FILE                           ; ../Source/GABE/Cores Cyclone III/Debug_Serial_Buffer/Debug_Serial_Buffer_inst.v            ; --                   ; --               ; --         ;
; MISC_FILE                           ; ../Source/GABE/Cores Cyclone III/Debug_Serial_Buffer/Debug_Serial_Buffer_bb.v              ; --                   ; --               ; --         ;
; MISC_FILE                           ; ../Source/GABE/Cores Cyclone III/SerialRX/SerialRX_inst.v                                  ; --                   ; --               ; --         ;
; MISC_FILE                           ; ../Source/GABE/Cores Cyclone III/SerialRX/SerialRX_bb.v                                    ; --                   ; --               ; --         ;
; MISC_FILE                           ; ../Source/GABE/Cores Cyclone III/LPC_DATA_FIFO/LPC_DATA_FIFO_inst.v                        ; --                   ; --               ; --         ;
; MISC_FILE                           ; ../Source/GABE/Cores Cyclone III/LPC_DATA_FIFO/LPC_DATA_FIFO_bb.v                          ; --                   ; --               ; --         ;
; MISC_FILE                           ; ../Source/GABE/Cores Cyclone III/LPC_CMD_FIFO/LPC_CMD_FIFO_inst.v                          ; --                   ; --               ; --         ;
; MISC_FILE                           ; ../Source/GABE/Cores Cyclone III/LPC_CMD_FIFO/LPC_CMD_FIFO_bb.v                            ; --                   ; --               ; --         ;
; MISC_FILE                           ; ../Source/GABE/Cores Cyclone III/SIGNED_MULT16/SIGNED_MULT16_inst.v                        ; --                   ; --               ; --         ;
; MISC_FILE                           ; ../Source/GABE/Cores Cyclone III/SIGNED_MULT16/SIGNED_MULT16_bb.v                          ; --                   ; --               ; --         ;
; MISC_FILE                           ; ../Source/GABE/Cores Cyclone III/SIGNED_DIV16/SIGNED_DIV16_inst.v                          ; --                   ; --               ; --         ;
; MISC_FILE                           ; ../Source/GABE/Cores Cyclone III/SIGNED_DIV16/SIGNED_DIV16_bb.v                            ; --                   ; --               ; --         ;
; MISC_FILE                           ; ../Source/GABE/Cores Cyclone III/UNSIGNED_DIV16/UNSIGNED_DIV16_inst.v                      ; --                   ; --               ; --         ;
; MISC_FILE                           ; ../Source/GABE/Cores Cyclone III/UNSIGNED_DIV16/UNSIGNED_DIV16_bb.v                        ; --                   ; --               ; --         ;
; MISC_FILE                           ; ../Source/GABE/Cores Cyclone III/UNSIGNED_MULT16/UNSIGNED_MULT16_inst.v                    ; --                   ; --               ; --         ;
; MISC_FILE                           ; ../Source/GABE/Cores Cyclone III/UNSIGNED_MULT16/UNSIGNED_MULT16_bb.v                      ; --                   ; --               ; --         ;
; MISC_FILE                           ; ../Source/GABE/Cores Cyclone III/CLK32_COUNTER/CLK32_COUNTER_inst.v                        ; --                   ; --               ; --         ;
; MISC_FILE                           ; ../Source/GABE/Cores Cyclone III/CLK32_COUNTER/CLK32_COUNTER_bb.v                          ; --                   ; --               ; --         ;
; MISC_FILE                           ; ../Source/GABE/Cores Cyclone III/TinyChipScope/TinyChipScope_inst.v                        ; --                   ; --               ; --         ;
; MISC_FILE                           ; ../Source/GABE/Cores Cyclone III/TinyChipScope/TinyChipScope_bb.v                          ; --                   ; --               ; --         ;
; MISC_FILE                           ; ../Source/GABE/Cores Cyclone III/SourceAndProbe/SourceAndProbe_inst.v                      ; --                   ; --               ; --         ;
; MISC_FILE                           ; ../Source/GABE/Cores Cyclone III/SourceAndProbe/SourceAndProbe_bb.v                        ; --                   ; --               ; --         ;
; MISC_FILE                           ; ../Source/GABE/Cores Cyclone III/PLL_SDCard_Debug/PLL_SDCard_Debug_inst.v                  ; --                   ; --               ; --         ;
; MISC_FILE                           ; ../Source/GABE/Cores Cyclone III/PLL_SDCard_Debug/PLL_SDCard_Debug_bb.v                    ; --                   ; --               ; --         ;
; MISC_FILE                           ; ../Source/GABE/Cores Cyclone III/PLL_SDCard_Debug/PLL_SDCard_Debug.ppf                     ; --                   ; --               ; --         ;
; MISC_FILE                           ; ../Source/GABE/Cores Cyclone III/BIDIR_ADDY/BIDIR_ADDY_inst.v                              ; --                   ; --               ; --         ;
; MISC_FILE                           ; ../Source/GABE/Cores Cyclone III/BIDIR_ADDY/BIDIR_ADDY_bb.v                                ; --                   ; --               ; --         ;
; MISC_FILE                           ; ../Source/GABE/Cores Cyclone III/BIDIR_DATA16/BIDIR_DATA16_inst.v                          ; --                   ; --               ; --         ;
; MISC_FILE                           ; ../Source/GABE/Cores Cyclone III/BIDIR_DATA16/BIDIR_DATA16_bb.v                            ; --                   ; --               ; --         ;
; MISC_FILE                           ; ../Source/GABE/Cores Cyclone III/BIDIR_DATA32/BIDIR_DATA32_inst.v                          ; --                   ; --               ; --         ;
; MISC_FILE                           ; ../Source/GABE/Cores Cyclone III/BIDIR_DATA32/BIDIR_DATA32_bb.v                            ; --                   ; --               ; --         ;
; MISC_FILE                           ; ../Source/GABE/Cores Cyclone III/BIDIR_SIGNAL/BIDIR_SIGNAL_inst.v                          ; --                   ; --               ; --         ;
; MISC_FILE                           ; ../Source/GABE/Cores Cyclone III/BIDIR_SIGNAL/BIDIR_SIGNAL_bb.v                            ; --                   ; --               ; --         ;
; MISC_FILE                           ; ../Source/GABE/Cores Cyclone III/LPC_BIDIRD/LPC_BIDir_inst.v                               ; --                   ; --               ; --         ;
; MISC_FILE                           ; ../Source/GABE/Cores Cyclone III/LPC_BIDIRD/LPC_BIDir_bb.v                                 ; --                   ; --               ; --         ;
; MISC_FILE                           ; ../Source/GABE/Cores Cyclone III/LPC_BIDIR_SIRQ/LPC_BIDir_SIRQ_inst.v                      ; --                   ; --               ; --         ;
; MISC_FILE                           ; ../Source/GABE/Cores Cyclone III/LPC_BIDIR_SIRQ/LPC_BIDir_SIRQ_bb.v                        ; --                   ; --               ; --         ;
; MISC_FILE                           ; ../Source/GABE/Cores Cyclone III/TIMERCOMPARE32/TimerCompare32_inst.v                      ; --                   ; --               ; --         ;
; MISC_FILE                           ; ../Source/GABE/Cores Cyclone III/TIMERCOMPARE32/TimerCompare32_bb.v                        ; --                   ; --               ; --         ;
; MISC_FILE                           ; ../Source/GABE/Cores Cyclone III/TIMERCOUNTER32/TimerCounter32_inst.v                      ; --                   ; --               ; --         ;
; MISC_FILE                           ; ../Source/GABE/Cores Cyclone III/TIMERCOUNTER32/TimerCounter32_bb.v                        ; --                   ; --               ; --         ;
; MISC_FILE                           ; ../Source/GABE/Cores Cyclone III/MIDI_UART_TXD_FIFO/MIDI_UART_TXD_FIFO_inst.v              ; --                   ; --               ; --         ;
; MISC_FILE                           ; ../Source/GABE/Cores Cyclone III/MIDI_UART_TXD_FIFO/MIDI_UART_TXD_FIFO_bb.v                ; --                   ; --               ; --         ;
; MISC_FILE                           ; ../Source/GABE/Cores Cyclone III/MIDI_UART_RXD_FIFO/MIDI_UART_RXD_FIFO_inst.v              ; --                   ; --               ; --         ;
; MISC_FILE                           ; ../Source/GABE/Cores Cyclone III/MIDI_UART_RXD_FIFO/MIDI_UART_RXD_FIFO_bb.v                ; --                   ; --               ; --         ;
; MISC_FILE                           ; ../Source/MERA/Cores_Cyclone_III/DataBufferIO32/DataBufferIO32_inst.v                      ; --                   ; --               ; --         ;
; MISC_FILE                           ; ../Source/MERA/Cores_Cyclone_III/DataBufferIO32/DataBufferIO32_bb.v                        ; --                   ; --               ; --         ;
; MISC_FILE                           ; ../Source/MERA/Cores_Cyclone_III/DDIO_CLK/DDIO_CLK.bsf                                     ; --                   ; --               ; --         ;
; MISC_FILE                           ; ../Source/MERA/Cores_Cyclone_III/DDIO_CLK/DDIO_CLK_inst.v                                  ; --                   ; --               ; --         ;
; MISC_FILE                           ; ../Source/MERA/Cores_Cyclone_III/DDIO_CLK/DDIO_CLK_bb.v                                    ; --                   ; --               ; --         ;
; MISC_FILE                           ; ../Source/MERA/Cores_Cyclone_III/DDIO_CLK/DDIO_CLK.inc                                     ; --                   ; --               ; --         ;
; MISC_FILE                           ; ../Source/MERA/Cores_Cyclone_III/DDIO_CLK/DDIO_CLK.cmp                                     ; --                   ; --               ; --         ;
; MISC_FILE                           ; ../Source/MERA/Cores_Cyclone_III/DDIO_CLK/DDIO_CLK.ppf                                     ; --                   ; --               ; --         ;
; MISC_FILE                           ; ../Source/VICKY_III/Cores Cyclone III/EMUTOS_DP64/EMUTOS_DP64_inst.v                       ; --                   ; --               ; --         ;
; MISC_FILE                           ; ../Source/VICKY_III/Cores Cyclone III/EMUTOS_DP64/EMUTOS_DP64_bb.v                         ; --                   ; --               ; --         ;
; MISC_FILE                           ; ../Source/VICKY_III/Cores Cyclone III/TOSGRAPH_PIXEL_LINE2K/TOSGRAPH_PIXEL_LINE2K_inst.v   ; --                   ; --               ; --         ;
; MISC_FILE                           ; ../Source/VICKY_III/Cores Cyclone III/TOSGRAPH_PIXEL_LINE2K/TOSGRAPH_PIXEL_LINE2K_bb.v     ; --                   ; --               ; --         ;
; MISC_FILE                           ; ../Source/VICKY_III/Cores Cyclone III/VICKYII_Pixel8_8Line/VICKYII_Pixel8_8Line_inst.v     ; --                   ; --               ; --         ;
; MISC_FILE                           ; ../Source/VICKY_III/Cores Cyclone III/VICKYII_Pixel8_8Line/VICKYII_Pixel8_8Line_bb.v       ; --                   ; --               ; --         ;
; MISC_FILE                           ; ../Source/VICKY_III/Cores Cyclone III/TILEMAP_2Lines_Capture/TILEMAP_2Lines_Capture_inst.v ; --                   ; --               ; --         ;
; MISC_FILE                           ; ../Source/VICKY_III/Cores Cyclone III/TILEMAP_2Lines_Capture/TILEMAP_2Lines_Capture_bb.v   ; --                   ; --               ; --         ;
; MISC_FILE                           ; ../Source/VICKY_III/Cores Cyclone III/ADDY_ADDER/ADDY_ADDER_inst.v                         ; --                   ; --               ; --         ;
; MISC_FILE                           ; ../Source/VICKY_III/Cores Cyclone III/ADDY_ADDER/ADDY_ADDER_bb.v                           ; --                   ; --               ; --         ;
; MISC_FILE                           ; ../Source/VICKY_III/Cores Cyclone III/SPRITE_FIFO_ATTR/SPRITE_FIFO_ATTR_inst.v             ; --                   ; --               ; --         ;
; MISC_FILE                           ; ../Source/VICKY_III/Cores Cyclone III/SPRITE_FIFO_ATTR/SPRITE_FIFO_ATTR_bb.v               ; --                   ; --               ; --         ;
; MISC_FILE                           ; ../Source/VICKY_III/Cores Cyclone III/SPRITE_FIFO_DATA/SPRITE_FIFO_DATA_inst.v             ; --                   ; --               ; --         ;
; MISC_FILE                           ; ../Source/VICKY_III/Cores Cyclone III/SPRITE_FIFO_DATA/SPRITE_FIFO_DATA_bb.v               ; --                   ; --               ; --         ;
; MISC_FILE                           ; ../Source/VICKY_III/Cores Cyclone III/VICKYII_PIXEL16_16LINE/VICKYII_PIXEL16_16LINE_inst.v ; --                   ; --               ; --         ;
; MISC_FILE                           ; ../Source/VICKY_III/Cores Cyclone III/VICKYII_PIXEL16_16LINE/VICKYII_PIXEL16_16LINE_bb.v   ; --                   ; --               ; --         ;
; MISC_FILE                           ; ../Source/VICKY_III/Cores Cyclone III/VICKYII_Pixel32_8Line/VICKYII_Pixel32_8Line_inst.v   ; --                   ; --               ; --         ;
; MISC_FILE                           ; ../Source/VICKY_III/Cores Cyclone III/VICKYII_Pixel32_8Line/VICKYII_Pixel32_8Line_bb.v     ; --                   ; --               ; --         ;
; MISC_FILE                           ; ../Source/VICKY_III/Cores Cyclone III/DMA_MULT_BLK/DMA_MULT_BLK_inst.v                     ; --                   ; --               ; --         ;
; MISC_FILE                           ; ../Source/VICKY_III/Cores Cyclone III/DMA_MULT_BLK/DMA_MULT_BLK_bb.v                       ; --                   ; --               ; --         ;
; MISC_FILE                           ; ../Source/VICKY_III/Cores Cyclone III/ADDY_COMPARE/ADDY_COMPARE_inst.v                     ; --                   ; --               ; --         ;
; MISC_FILE                           ; ../Source/VICKY_III/Cores Cyclone III/ADDY_COMPARE/ADDY_COMPARE_bb.v                       ; --                   ; --               ; --         ;
; MISC_FILE                           ; ../Source/VICKY_III/Cores Cyclone III/ADDY_COUNTER/ADDY_COUNTER_inst.v                     ; --                   ; --               ; --         ;
; MISC_FILE                           ; ../Source/VICKY_III/Cores Cyclone III/ADDY_COUNTER/ADDY_COUNTER_bb.v                       ; --                   ; --               ; --         ;
; MISC_FILE                           ; ../Source/VICKY_III/Cores Cyclone III/BIDIR_DATA8/BIDIR_DATA8_inst.v                       ; --                   ; --               ; --         ;
; MISC_FILE                           ; ../Source/VICKY_III/Cores Cyclone III/BIDIR_DATA8/BIDIR_DATA8_bb.v                         ; --                   ; --               ; --         ;
; MISC_FILE                           ; ../Source/VICKY_III/Cores Cyclone III/CPU_2_DRAM_FIFO/CPU_2_DRAM_FIFO_inst.v               ; --                   ; --               ; --         ;
; MISC_FILE                           ; ../Source/VICKY_III/Cores Cyclone III/CPU_2_DRAM_FIFO/CPU_2_DRAM_FIFO_bb.v                 ; --                   ; --               ; --         ;
; MISC_FILE                           ; ../Source/VICKY_III/Cores Cyclone III/Sprite_Register_Block/Sprite_Register_Block_inst.v   ; --                   ; --               ; --         ;
; MISC_FILE                           ; ../Source/VICKY_III/Cores Cyclone III/Sprite_Register_Block/Sprite_Register_Block_bb.v     ; --                   ; --               ; --         ;
; MISC_FILE                           ; ../Source/VICKY_III/Cores Cyclone III/TextAddy_Mult/TextAddy_Mult_inst.v                   ; --                   ; --               ; --         ;
; MISC_FILE                           ; ../Source/VICKY_III/Cores Cyclone III/TextAddy_Mult/TextAddy_Mult_bb.v                     ; --                   ; --               ; --         ;
; MISC_FILE                           ; ../Source/VICKY_III/Cores Cyclone III/TEXT_MEM16_BLK/TEXT_MEM16_BLK_inst.v                 ; --                   ; --               ; --         ;
; MISC_FILE                           ; ../Source/VICKY_III/Cores Cyclone III/TEXT_MEM16_BLK/TEXT_MEM16_BLK_bb.v                   ; --                   ; --               ; --         ;
; MISC_FILE                           ; ../Source/VICKY_III/Cores Cyclone III/I2CBIDIR/I2CBIDIR_inst.v                             ; --                   ; --               ; --         ;
; MISC_FILE                           ; ../Source/VICKY_III/Cores Cyclone III/I2CBIDIR/I2CBIDIR_bb.v                               ; --                   ; --               ; --         ;
; MISC_FILE                           ; ../Source/VICKY_III/Cores Cyclone III/CLK_SWITCH/Clk_Switch_inst.v                         ; --                   ; --               ; --         ;
; MISC_FILE                           ; ../Source/VICKY_III/Cores Cyclone III/CLK_SWITCH/Clk_Switch_bb.v                           ; --                   ; --               ; --         ;
; MISC_FILE                           ; ../Source/VICKY_III/Cores Cyclone III/VIDEO_PLL/VIDEO_PLL_inst.v                           ; --                   ; --               ; --         ;
; MISC_FILE                           ; ../Source/VICKY_III/Cores Cyclone III/VIDEO_PLL/VIDEO_PLL_bb.v                             ; --                   ; --               ; --         ;
; MISC_FILE                           ; ../Source/VICKY_III/Cores Cyclone III/VIDEO_PLL/VIDEO_PLL.ppf                              ; --                   ; --               ; --         ;
; MISC_FILE                           ; ../Source/VICKY_III/Cores Cyclone III/VIDEO_PLL_CHANNELB/VIDEO_PLL_CHANNELB_inst.v         ; --                   ; --               ; --         ;
; MISC_FILE                           ; ../Source/VICKY_III/Cores Cyclone III/VIDEO_PLL_CHANNELB/VIDEO_PLL_CHANNELB_bb.v           ; --                   ; --               ; --         ;
; MISC_FILE                           ; ../Source/VICKY_III/Cores Cyclone III/VIDEO_PLL_CHANNELB/VIDEO_PLL_CHANNELB.ppf            ; --                   ; --               ; --         ;
; MISC_FILE                           ; ../Source/VICKY_III/Cores Cyclone III/MouserPointerSprite/MousePointerSprite_inst.v        ; --                   ; --               ; --         ;
; MISC_FILE                           ; ../Source/VICKY_III/Cores Cyclone III/MouserPointerSprite/MousePointerSprite_bb.v          ; --                   ; --               ; --         ;
; MISC_FILE                           ; ../Source/VICKY_III/Cores Cyclone III/FONT_DP_MEM/FONT_DP_MEM_inst.v                       ; --                   ; --               ; --         ;
; MISC_FILE                           ; ../Source/VICKY_III/Cores Cyclone III/FONT_DP_MEM/FONT_DP_MEM_bb.v                         ; --                   ; --               ; --         ;
; MISC_FILE                           ; ../Source/VICKY_III/Cores Cyclone III/TEXT_CLR_LUT/TEXT_CLR_LUT_inst.v                     ; --                   ; --               ; --         ;
; MISC_FILE                           ; ../Source/VICKY_III/Cores Cyclone III/TEXT_CLR_LUT/TEXT_CLR_LUT_bb.v                       ; --                   ; --               ; --         ;
; MISC_FILE                           ; ../Source/VICKY_III/Cores Cyclone III/TEXT_MEM32_BLK/TEXT_MEM32_BLK_inst.v                 ; --                   ; --               ; --         ;
; MISC_FILE                           ; ../Source/VICKY_III/Cores Cyclone III/TEXT_MEM32_BLK/TEXT_MEM32_BLK_bb.v                   ; --                   ; --               ; --         ;
; MISC_FILE                           ; ../Source/VICKY_III/Cores Cyclone III/GAMMA_Channel/GAMMA_Channel_inst.v                   ; --                   ; --               ; --         ;
; MISC_FILE                           ; ../Source/VICKY_III/Cores Cyclone III/GAMMA_Channel/GAMMA_Channel_bb.v                     ; --                   ; --               ; --         ;
; MISC_FILE                           ; ../Source/VICKY_III/Cores Cyclone III/DDR_Pixel_Out/DDR_Pixel_Out.bsf                      ; --                   ; --               ; --         ;
; MISC_FILE                           ; ../Source/VICKY_III/Cores Cyclone III/DDR_Pixel_Out/DDR_Pixel_Out_inst.v                   ; --                   ; --               ; --         ;
; MISC_FILE                           ; ../Source/VICKY_III/Cores Cyclone III/DDR_Pixel_Out/DDR_Pixel_Out_bb.v                     ; --                   ; --               ; --         ;
; MISC_FILE                           ; ../Source/VICKY_III/Cores Cyclone III/DDR_Pixel_Out/DDR_Pixel_Out.inc                      ; --                   ; --               ; --         ;
; MISC_FILE                           ; ../Source/VICKY_III/Cores Cyclone III/DDR_Pixel_Out/DDR_Pixel_Out.cmp                      ; --                   ; --               ; --         ;
; MISC_FILE                           ; ../Source/VICKY_III/Cores Cyclone III/DDR_Pixel_Out/DDR_Pixel_Out.ppf                      ; --                   ; --               ; --         ;
; MISC_FILE                           ; ../Source/VICKY_III/Cores Cyclone III/Final_RGB_Pixel_Line/Final_RGB_Pixel_Line_inst.v     ; --                   ; --               ; --         ;
; MISC_FILE                           ; ../Source/VICKY_III/Cores Cyclone III/Final_RGB_Pixel_Line/Final_RGB_Pixel_Line_bb.v       ; --                   ; --               ; --         ;
; MISC_FILE                           ; ../Source/VICKY_III/Cores Cyclone III/LUT32/LUT32_inst.v                                   ; --                   ; --               ; --         ;
; MISC_FILE                           ; ../Source/VICKY_III/Cores Cyclone III/LUT32/LUT32_bb.v                                     ; --                   ; --               ; --         ;
; MISC_FILE                           ; ../Source/VICKY_IV/Cores/PLL_40Mhz_108Mhz/PLL_40Mhz_108Mhz_inst.v                          ; --                   ; --               ; --         ;
; MISC_FILE                           ; ../Source/VICKY_IV/Cores/PLL_40Mhz_108Mhz/PLL_40Mhz_108Mhz_bb.v                            ; --                   ; --               ; --         ;
; MISC_FILE                           ; ../Source/VICKY_IV/Cores/PLL_40Mhz_108Mhz/PLL_40Mhz_108Mhz.ppf                             ; --                   ; --               ; --         ;
; MISC_FILE                           ; ../Source/VICKY_III/Cores Cyclone III/TEXT_MEM8K_BLK/TEXT_MEM8K_BLK_inst.v                 ; --                   ; --               ; --         ;
; MISC_FILE                           ; ../Source/VICKY_III/Cores Cyclone III/TEXT_MEM8K_BLK/TEXT_MEM8K_BLK_bb.v                   ; --                   ; --               ; --         ;
; MISC_FILE                           ; ../Source/VICKY_III/Cores Cyclone III/FONT8by16_DPROM/FONT8by16_DPROM_bb.v                 ; --                   ; --               ; --         ;
; MISC_FILE                           ; ../Source/VICKY_III/Cores Cyclone III/MEMTEXT_DP/MEMTEXT_DP_inst.v                         ; --                   ; --               ; --         ;
; MISC_FILE                           ; ../Source/VICKY_III/Cores Cyclone III/MEMTEXT_DP/MEMTEXT_DP_bb.v                           ; --                   ; --               ; --         ;
; MISC_FILE                           ; ../Source/VICKY_III/Cores Cyclone III/MEMTEXT_LUT_xG/MEMTEXT_LUT_xG_inst.v                 ; --                   ; --               ; --         ;
; MISC_FILE                           ; ../Source/VICKY_III/Cores Cyclone III/MEMTEXT_LUT_xG/MEMTEXT_LUT_xG_bb.v                   ; --                   ; --               ; --         ;
; MISC_FILE                           ; ../Source/VICKY_III/Cores Cyclone III/MEMTEXT_FONT/MEMTEXT_FONT_bb.v                       ; --                   ; --               ; --         ;
; MISC_FILE                           ; ../Source/VICKY_III/Cores Cyclone III/TOSGRAPH_FIFO/TOSGRAPH_FIFO_inst.v                   ; --                   ; --               ; --         ;
; MISC_FILE                           ; ../Source/VICKY_III/Cores Cyclone III/TOSGRAPH_FIFO/TOSGRAPH_FIFO_bb.v                     ; --                   ; --               ; --         ;
; OUTPUT_IO_TIMING_FAR_END_VMEAS      ; Half Signal Swing                                                                          ; --                   ; --               ; --         ;
; OUTPUT_IO_TIMING_FAR_END_VMEAS      ; Half Signal Swing                                                                          ; --                   ; --               ; --         ;
; OUTPUT_IO_TIMING_NEAR_END_VMEAS     ; Half Vccio                                                                                 ; --                   ; --               ; --         ;
; OUTPUT_IO_TIMING_NEAR_END_VMEAS     ; Half Vccio                                                                                 ; --                   ; --               ; --         ;
; PARTITION_COLOR                     ; 16764057                                                                                   ; --                   ; A2560X60Plus     ; Top        ;
; PARTITION_COLOR                     ; 16764057                                                                                   ; --                   ; A2560X60Plus_Top ; Top        ;
; PARTITION_FITTER_PRESERVATION_LEVEL ; PLACEMENT_AND_ROUTING                                                                      ; --                   ; A2560X60Plus     ; Top        ;
; PARTITION_FITTER_PRESERVATION_LEVEL ; PLACEMENT_AND_ROUTING                                                                      ; --                   ; A2560X60Plus_Top ; Top        ;
; PARTITION_NETLIST_TYPE              ; SOURCE                                                                                     ; --                   ; A2560X60Plus     ; Top        ;
; PARTITION_NETLIST_TYPE              ; SOURCE                                                                                     ; --                   ; A2560X60Plus_Top ; Top        ;
; POWER_BOARD_THERMAL_MODEL           ; None (CONSERVATIVE)                                                                        ; --                   ; --               ; --         ;
; POWER_PRESET_COOLING_SOLUTION       ; 23 MM HEAT SINK WITH 200 LFPM AIRFLOW                                                      ; --                   ; --               ; --         ;
; PROJECT_OUTPUT_DIRECTORY            ; output_files                                                                               ; --                   ; --               ; --         ;
; SAFE_STATE_MACHINE                  ; On                                                                                         ; Off                  ; --               ; --         ;
; SEED                                ; 13                                                                                         ; 1                    ; --               ; --         ;
; SYNTHESIS_SEED                      ; 9                                                                                          ; 1                    ; --               ; --         ;
; TOP_LEVEL_ENTITY                    ; A2560X60Plus_Top                                                                           ; A2560X60Plus_Project ; --               ; --         ;
; VERILOG_INPUT_VERSION               ; SystemVerilog_2005                                                                         ; Verilog_2001         ; --               ; --         ;
; VERILOG_SHOW_LMF_MAPPING_MESSAGES   ; Off                                                                                        ; --                   ; --               ; --         ;
+-------------------------------------+--------------------------------------------------------------------------------------------+----------------------+------------------+------------+


+-------------------------------------------------------------------------------------------------------------------------------+
; Flow Elapsed Time                                                                                                             ;
+---------------------------+--------------+-------------------------+---------------------+------------------------------------+
; Module Name               ; Elapsed Time ; Average Processors Used ; Peak Virtual Memory ; Total CPU Time (on all processors) ;
+---------------------------+--------------+-------------------------+---------------------+------------------------------------+
; Analysis & Synthesis      ; 00:01:21     ; 1.0                     ; 5410 MB             ; 00:01:21                           ;
; Fitter                    ; 00:01:28     ; 2.4                     ; 6880 MB             ; 00:02:47                           ;
; Assembler                 ; 00:00:03     ; 1.0                     ; 4741 MB             ; 00:00:03                           ;
; TimeQuest Timing Analyzer ; 00:00:16     ; 2.0                     ; 5323 MB             ; 00:00:20                           ;
; Total                     ; 00:03:08     ; --                      ; --                  ; 00:04:31                           ;
+---------------------------+--------------+-------------------------+---------------------+------------------------------------+


+----------------------------------------------------------------------------------------+
; Flow OS Summary                                                                        ;
+---------------------------+------------------+-----------+------------+----------------+
; Module Name               ; Machine Hostname ; OS Name   ; OS Version ; Processor type ;
+---------------------------+------------------+-----------+------------+----------------+
; Analysis & Synthesis      ; DESKTOP-6VPAMHN  ; Windows 7 ; 6.2        ; x86_64         ;
; Fitter                    ; DESKTOP-6VPAMHN  ; Windows 7 ; 6.2        ; x86_64         ;
; Assembler                 ; DESKTOP-6VPAMHN  ; Windows 7 ; 6.2        ; x86_64         ;
; TimeQuest Timing Analyzer ; DESKTOP-6VPAMHN  ; Windows 7 ; 6.2        ; x86_64         ;
+---------------------------+------------------+-----------+------------+----------------+


------------
; Flow Log ;
------------
quartus_map --read_settings_files=on --write_settings_files=off A2560X60Plus_Project -c A2560X60Plus_Project
quartus_fit --read_settings_files=off --write_settings_files=off A2560X60Plus_Project -c A2560X60Plus_Project
quartus_asm --read_settings_files=off --write_settings_files=off A2560X60Plus_Project -c A2560X60Plus_Project
quartus_sta A2560X60Plus_Project -c A2560X60Plus_Project



