------------------------------------------------------------
TimeQuest Timing Analyzer Summary
------------------------------------------------------------

Type  : Slow 1200mV 85C Model Setup 'CLK33MHz'
Slack : -0.362
TNS   : -0.362

Type  : Slow 1200mV 85C Model Setup 'Sys133Mhz'
Slack : 0.304
TNS   : 0.000

Type  : Slow 1200mV 85C Model Setup 'CLK66MHz'
Slack : 0.568
TNS   : 0.000

Type  : Slow 1200mV 85C Model Setup 'Clk20VID_A'
Slack : 2.078
TNS   : 0.000

Type  : Slow 1200mV 85C Model Setup 'CLK108Mhz'
Slack : 3.959
TNS   : 0.000

Type  : Slow 1200mV 85C Model Setup 'OSC_CLK_80_000Mhz_A_i'
Slack : 7.006
TNS   : 0.000

Type  : Slow 1200mV 85C Model Setup 'Clk40VID_A'
Slack : 7.232
TNS   : 0.000

Type  : Slow 1200mV 85C Model Setup 'Clk40VID_B'
Slack : 8.311
TNS   : 0.000

Type  : Slow 1200mV 85C Model Setup 'OSC_CLK_40_000Mhz_A_i'
Slack : 19.276
TNS   : 0.000

Type  : Slow 1200mV 85C Model Setup 'OSC_CLK_33_333Mhz_i'
Slack : 22.335
TNS   : 0.000

Type  : Slow 1200mV 85C Model Setup 'OSC_CLK_24_576Mhz_i'
Slack : 25.262
TNS   : 0.000

Type  : Slow 1200mV 85C Model Setup 'Clk24'
Slack : 30.131
TNS   : 0.000

Type  : Slow 1200mV 85C Model Setup 'OSC_CLK_22_579Mhz_i'
Slack : 33.632
TNS   : 0.000

Type  : Slow 1200mV 85C Model Setup 'OSC_CLK_14_318Mhz_i'
Slack : 44.430
TNS   : 0.000

Type  : Slow 1200mV 85C Model Setup 'CLK358'
Slack : 66.344
TNS   : 0.000

Type  : Slow 1200mV 85C Model Hold 'CLK33MHz'
Slack : 0.032
TNS   : 0.000

Type  : Slow 1200mV 85C Model Hold 'Clk20VID_A'
Slack : 0.299
TNS   : 0.000

Type  : Slow 1200mV 85C Model Hold 'Clk40VID_A'
Slack : 0.299
TNS   : 0.000

Type  : Slow 1200mV 85C Model Hold 'CLK66MHz'
Slack : 0.389
TNS   : 0.000

Type  : Slow 1200mV 85C Model Hold 'OSC_CLK_14_318Mhz_i'
Slack : 0.393
TNS   : 0.000

Type  : Slow 1200mV 85C Model Hold 'Clk24'
Slack : 0.409
TNS   : 0.000

Type  : Slow 1200mV 85C Model Hold 'CLK108Mhz'
Slack : 0.410
TNS   : 0.000

Type  : Slow 1200mV 85C Model Hold 'OSC_CLK_33_333Mhz_i'
Slack : 0.427
TNS   : 0.000

Type  : Slow 1200mV 85C Model Hold 'Sys133Mhz'
Slack : 0.442
TNS   : 0.000

Type  : Slow 1200mV 85C Model Hold 'OSC_CLK_22_579Mhz_i'
Slack : 0.443
TNS   : 0.000

Type  : Slow 1200mV 85C Model Hold 'OSC_CLK_24_576Mhz_i'
Slack : 0.443
TNS   : 0.000

Type  : Slow 1200mV 85C Model Hold 'OSC_CLK_80_000Mhz_A_i'
Slack : 0.443
TNS   : 0.000

Type  : Slow 1200mV 85C Model Hold 'CLK358'
Slack : 0.444
TNS   : 0.000

Type  : Slow 1200mV 85C Model Hold 'OSC_CLK_40_000Mhz_A_i'
Slack : 0.444
TNS   : 0.000

Type  : Slow 1200mV 85C Model Hold 'Clk40VID_B'
Slack : 0.448
TNS   : 0.000

Type  : Slow 1200mV 85C Model Recovery 'CLK33MHz'
Slack : -2.234
TNS   : -4.468

Type  : Slow 1200mV 85C Model Recovery 'CLK108Mhz'
Slack : 20.520
TNS   : 0.000

Type  : Slow 1200mV 85C Model Recovery 'Clk40VID_B'
Slack : 20.687
TNS   : 0.000

Type  : Slow 1200mV 85C Model Recovery 'Clk20VID_A'
Slack : 20.708
TNS   : 0.000

Type  : Slow 1200mV 85C Model Recovery 'Clk40VID_A'
Slack : 20.708
TNS   : 0.000

Type  : Slow 1200mV 85C Model Recovery 'OSC_CLK_33_333Mhz_i'
Slack : 26.054
TNS   : 0.000

Type  : Slow 1200mV 85C Model Recovery 'Clk24'
Slack : 36.004
TNS   : 0.000

Type  : Slow 1200mV 85C Model Recovery 'OSC_CLK_14_318Mhz_i'
Slack : 61.047
TNS   : 0.000

Type  : Slow 1200mV 85C Model Removal 'CLK33MHz'
Slack : 0.923
TNS   : 0.000

Type  : Slow 1200mV 85C Model Removal 'OSC_CLK_33_333Mhz_i'
Slack : 1.079
TNS   : 0.000

Type  : Slow 1200mV 85C Model Removal 'OSC_CLK_14_318Mhz_i'
Slack : 1.592
TNS   : 0.000

Type  : Slow 1200mV 85C Model Removal 'Clk24'
Slack : 2.272
TNS   : 0.000

Type  : Slow 1200mV 85C Model Removal 'Clk40VID_B'
Slack : 2.682
TNS   : 0.000

Type  : Slow 1200mV 85C Model Removal 'CLK108Mhz'
Slack : 3.328
TNS   : 0.000

Type  : Slow 1200mV 85C Model Removal 'Clk20VID_A'
Slack : 3.424
TNS   : 0.000

Type  : Slow 1200mV 85C Model Removal 'Clk40VID_A'
Slack : 3.424
TNS   : 0.000

Type  : Slow 1200mV 85C Model Minimum Pulse Width 'Sys133Mhz'
Slack : 3.299
TNS   : 0.000

Type  : Slow 1200mV 85C Model Minimum Pulse Width 'OSC_CLK_80_000Mhz_A_i'
Slack : 5.902
TNS   : 0.000

Type  : Slow 1200mV 85C Model Minimum Pulse Width 'CLK66MHz'
Slack : 7.195
TNS   : 0.000

Type  : Slow 1200mV 85C Model Minimum Pulse Width 'OSC_CLK_65_000Mhz_i'
Slack : 7.573
TNS   : 0.000

Type  : Slow 1200mV 85C Model Minimum Pulse Width 'OSC_CLK_80_000Mhz_i'
Slack : 8.500
TNS   : 0.000

Type  : Slow 1200mV 85C Model Minimum Pulse Width 'CLK108Mhz'
Slack : 12.050
TNS   : 0.000

Type  : Slow 1200mV 85C Model Minimum Pulse Width 'Clk40VID_B'
Slack : 12.086
TNS   : 0.000

Type  : Slow 1200mV 85C Model Minimum Pulse Width 'Clk40VID_A'
Slack : 12.166
TNS   : 0.000

Type  : Slow 1200mV 85C Model Minimum Pulse Width 'OSC_CLK_40_000Mhz_A_i'
Slack : 12.273
TNS   : 0.000

Type  : Slow 1200mV 85C Model Minimum Pulse Width 'CLK33MHz'
Slack : 14.559
TNS   : 0.000

Type  : Slow 1200mV 85C Model Minimum Pulse Width 'OSC_CLK_33_333Mhz_i'
Slack : 14.635
TNS   : 0.000

Type  : Slow 1200mV 85C Model Minimum Pulse Width 'OSC_CLK_24_576Mhz_i'
Slack : 19.809
TNS   : 0.000

Type  : Slow 1200mV 85C Model Minimum Pulse Width 'Clk24'
Slack : 20.468
TNS   : 0.000

Type  : Slow 1200mV 85C Model Minimum Pulse Width 'OSC_CLK_40_000Mhz_B_i'
Slack : 21.000
TNS   : 0.000

Type  : Slow 1200mV 85C Model Minimum Pulse Width 'OSC_CLK_22_579Mhz_i'
Slack : 21.802
TNS   : 0.000

Type  : Slow 1200mV 85C Model Minimum Pulse Width 'Clk20VID_A'
Slack : 24.666
TNS   : 0.000

Type  : Slow 1200mV 85C Model Minimum Pulse Width 'OSC_CLK_33_333Mhz_B_i'
Slack : 26.000
TNS   : 0.000

Type  : Slow 1200mV 85C Model Minimum Pulse Width 'OSC_CLK_33_333Mhz_C_i'
Slack : 26.000
TNS   : 0.000

Type  : Slow 1200mV 85C Model Minimum Pulse Width 'OSC_CLK_14_318Mhz_i'
Slack : 34.357
TNS   : 0.000

Type  : Slow 1200mV 85C Model Minimum Pulse Width 'OSC_CLK_25_175Mhz_i'
Slack : 35.720
TNS   : 0.000

Type  : Slow 1200mV 85C Model Minimum Pulse Width 'CLK358'
Slack : 139.400
TNS   : 0.000

Type  : Slow 1200mV 0C Model Setup 'CLK33MHz'
Slack : 0.241
TNS   : 0.000

Type  : Slow 1200mV 0C Model Setup 'Sys133Mhz'
Slack : 0.576
TNS   : 0.000

Type  : Slow 1200mV 0C Model Setup 'CLK66MHz'
Slack : 1.009
TNS   : 0.000

Type  : Slow 1200mV 0C Model Setup 'Clk20VID_A'
Slack : 2.738
TNS   : 0.000

Type  : Slow 1200mV 0C Model Setup 'CLK108Mhz'
Slack : 4.310
TNS   : 0.000

Type  : Slow 1200mV 0C Model Setup 'OSC_CLK_80_000Mhz_A_i'
Slack : 7.413
TNS   : 0.000

Type  : Slow 1200mV 0C Model Setup 'Clk40VID_A'
Slack : 7.502
TNS   : 0.000

Type  : Slow 1200mV 0C Model Setup 'Clk40VID_B'
Slack : 8.547
TNS   : 0.000

Type  : Slow 1200mV 0C Model Setup 'OSC_CLK_40_000Mhz_A_i'
Slack : 19.600
TNS   : 0.000

Type  : Slow 1200mV 0C Model Setup 'OSC_CLK_33_333Mhz_i'
Slack : 22.595
TNS   : 0.000

Type  : Slow 1200mV 0C Model Setup 'OSC_CLK_24_576Mhz_i'
Slack : 26.011
TNS   : 0.000

Type  : Slow 1200mV 0C Model Setup 'Clk24'
Slack : 30.915
TNS   : 0.000

Type  : Slow 1200mV 0C Model Setup 'OSC_CLK_22_579Mhz_i'
Slack : 34.271
TNS   : 0.000

Type  : Slow 1200mV 0C Model Setup 'OSC_CLK_14_318Mhz_i'
Slack : 45.993
TNS   : 0.000

Type  : Slow 1200mV 0C Model Setup 'CLK358'
Slack : 66.449
TNS   : 0.000

Type  : Slow 1200mV 0C Model Hold 'CLK33MHz'
Slack : -0.055
TNS   : -0.301

Type  : Slow 1200mV 0C Model Hold 'Clk20VID_A'
Slack : 0.265
TNS   : 0.000

Type  : Slow 1200mV 0C Model Hold 'Clk40VID_A'
Slack : 0.265
TNS   : 0.000

Type  : Slow 1200mV 0C Model Hold 'OSC_CLK_14_318Mhz_i'
Slack : 0.371
TNS   : 0.000

Type  : Slow 1200mV 0C Model Hold 'CLK66MHz'
Slack : 0.372
TNS   : 0.000

Type  : Slow 1200mV 0C Model Hold 'Clk24'
Slack : 0.374
TNS   : 0.000

Type  : Slow 1200mV 0C Model Hold 'OSC_CLK_33_333Mhz_i'
Slack : 0.377
TNS   : 0.000

Type  : Slow 1200mV 0C Model Hold 'CLK108Mhz'
Slack : 0.391
TNS   : 0.000

Type  : Slow 1200mV 0C Model Hold 'Sys133Mhz'
Slack : 0.391
TNS   : 0.000

Type  : Slow 1200mV 0C Model Hold 'OSC_CLK_24_576Mhz_i'
Slack : 0.392
TNS   : 0.000

Type  : Slow 1200mV 0C Model Hold 'OSC_CLK_40_000Mhz_A_i'
Slack : 0.392
TNS   : 0.000

Type  : Slow 1200mV 0C Model Hold 'OSC_CLK_80_000Mhz_A_i'
Slack : 0.392
TNS   : 0.000

Type  : Slow 1200mV 0C Model Hold 'CLK358'
Slack : 0.393
TNS   : 0.000

Type  : Slow 1200mV 0C Model Hold 'OSC_CLK_22_579Mhz_i'
Slack : 0.393
TNS   : 0.000

Type  : Slow 1200mV 0C Model Hold 'Clk40VID_B'
Slack : 0.396
TNS   : 0.000

Type  : Slow 1200mV 0C Model Recovery 'CLK33MHz'
Slack : -1.921
TNS   : -3.842

Type  : Slow 1200mV 0C Model Recovery 'CLK108Mhz'
Slack : 20.750
TNS   : 0.000

Type  : Slow 1200mV 0C Model Recovery 'Clk40VID_B'
Slack : 20.896
TNS   : 0.000

Type  : Slow 1200mV 0C Model Recovery 'Clk20VID_A'
Slack : 20.909
TNS   : 0.000

Type  : Slow 1200mV 0C Model Recovery 'Clk40VID_A'
Slack : 20.909
TNS   : 0.000

Type  : Slow 1200mV 0C Model Recovery 'OSC_CLK_33_333Mhz_i'
Slack : 26.290
TNS   : 0.000

Type  : Slow 1200mV 0C Model Recovery 'Clk24'
Slack : 36.419
TNS   : 0.000

Type  : Slow 1200mV 0C Model Recovery 'OSC_CLK_14_318Mhz_i'
Slack : 61.462
TNS   : 0.000

Type  : Slow 1200mV 0C Model Removal 'CLK33MHz'
Slack : 0.760
TNS   : 0.000

Type  : Slow 1200mV 0C Model Removal 'OSC_CLK_33_333Mhz_i'
Slack : 0.979
TNS   : 0.000

Type  : Slow 1200mV 0C Model Removal 'OSC_CLK_14_318Mhz_i'
Slack : 1.450
TNS   : 0.000

Type  : Slow 1200mV 0C Model Removal 'Clk24'
Slack : 2.035
TNS   : 0.000

Type  : Slow 1200mV 0C Model Removal 'Clk40VID_B'
Slack : 2.403
TNS   : 0.000

Type  : Slow 1200mV 0C Model Removal 'CLK108Mhz'
Slack : 3.027
TNS   : 0.000

Type  : Slow 1200mV 0C Model Removal 'Clk20VID_A'
Slack : 3.078
TNS   : 0.000

Type  : Slow 1200mV 0C Model Removal 'Clk40VID_A'
Slack : 3.078
TNS   : 0.000

Type  : Slow 1200mV 0C Model Minimum Pulse Width 'Sys133Mhz'
Slack : 3.299
TNS   : 0.000

Type  : Slow 1200mV 0C Model Minimum Pulse Width 'OSC_CLK_80_000Mhz_A_i'
Slack : 5.885
TNS   : 0.000

Type  : Slow 1200mV 0C Model Minimum Pulse Width 'CLK66MHz'
Slack : 7.208
TNS   : 0.000

Type  : Slow 1200mV 0C Model Minimum Pulse Width 'OSC_CLK_65_000Mhz_i'
Slack : 7.563
TNS   : 0.000

Type  : Slow 1200mV 0C Model Minimum Pulse Width 'OSC_CLK_80_000Mhz_i'
Slack : 8.500
TNS   : 0.000

Type  : Slow 1200mV 0C Model Minimum Pulse Width 'CLK108Mhz'
Slack : 12.082
TNS   : 0.000

Type  : Slow 1200mV 0C Model Minimum Pulse Width 'Clk40VID_B'
Slack : 12.091
TNS   : 0.000

Type  : Slow 1200mV 0C Model Minimum Pulse Width 'Clk40VID_A'
Slack : 12.178
TNS   : 0.000

Type  : Slow 1200mV 0C Model Minimum Pulse Width 'OSC_CLK_40_000Mhz_A_i'
Slack : 12.266
TNS   : 0.000

Type  : Slow 1200mV 0C Model Minimum Pulse Width 'CLK33MHz'
Slack : 14.592
TNS   : 0.000

Type  : Slow 1200mV 0C Model Minimum Pulse Width 'OSC_CLK_33_333Mhz_i'
Slack : 14.617
TNS   : 0.000

Type  : Slow 1200mV 0C Model Minimum Pulse Width 'OSC_CLK_24_576Mhz_i'
Slack : 19.698
TNS   : 0.000

Type  : Slow 1200mV 0C Model Minimum Pulse Width 'Clk24'
Slack : 20.459
TNS   : 0.000

Type  : Slow 1200mV 0C Model Minimum Pulse Width 'OSC_CLK_40_000Mhz_B_i'
Slack : 21.000
TNS   : 0.000

Type  : Slow 1200mV 0C Model Minimum Pulse Width 'OSC_CLK_22_579Mhz_i'
Slack : 21.667
TNS   : 0.000

Type  : Slow 1200mV 0C Model Minimum Pulse Width 'Clk20VID_A'
Slack : 24.678
TNS   : 0.000

Type  : Slow 1200mV 0C Model Minimum Pulse Width 'OSC_CLK_33_333Mhz_B_i'
Slack : 26.000
TNS   : 0.000

Type  : Slow 1200mV 0C Model Minimum Pulse Width 'OSC_CLK_33_333Mhz_C_i'
Slack : 26.000
TNS   : 0.000

Type  : Slow 1200mV 0C Model Minimum Pulse Width 'OSC_CLK_14_318Mhz_i'
Slack : 34.363
TNS   : 0.000

Type  : Slow 1200mV 0C Model Minimum Pulse Width 'OSC_CLK_25_175Mhz_i'
Slack : 35.720
TNS   : 0.000

Type  : Slow 1200mV 0C Model Minimum Pulse Width 'CLK358'
Slack : 139.355
TNS   : 0.000

Type  : Fast 1200mV 0C Model Setup 'Sys133Mhz'
Slack : 1.435
TNS   : 0.000

Type  : Fast 1200mV 0C Model Setup 'CLK66MHz'
Slack : 2.962
TNS   : 0.000

Type  : Fast 1200mV 0C Model Setup 'CLK33MHz'
Slack : 3.154
TNS   : 0.000

Type  : Fast 1200mV 0C Model Setup 'Clk20VID_A'
Slack : 6.337
TNS   : 0.000

Type  : Fast 1200mV 0C Model Setup 'CLK108Mhz'
Slack : 8.663
TNS   : 0.000

Type  : Fast 1200mV 0C Model Setup 'Clk40VID_A'
Slack : 10.061
TNS   : 0.000

Type  : Fast 1200mV 0C Model Setup 'OSC_CLK_80_000Mhz_A_i'
Slack : 10.093
TNS   : 0.000

Type  : Fast 1200mV 0C Model Setup 'Clk40VID_B'
Slack : 10.531
TNS   : 0.000

Type  : Fast 1200mV 0C Model Setup 'OSC_CLK_40_000Mhz_A_i'
Slack : 22.551
TNS   : 0.000

Type  : Fast 1200mV 0C Model Setup 'OSC_CLK_33_333Mhz_i'
Slack : 26.318
TNS   : 0.000

Type  : Fast 1200mV 0C Model Setup 'OSC_CLK_24_576Mhz_i'
Slack : 33.594
TNS   : 0.000

Type  : Fast 1200mV 0C Model Setup 'Clk24'
Slack : 36.478
TNS   : 0.000

Type  : Fast 1200mV 0C Model Setup 'OSC_CLK_22_579Mhz_i'
Slack : 39.540
TNS   : 0.000

Type  : Fast 1200mV 0C Model Setup 'OSC_CLK_14_318Mhz_i'
Slack : 58.969
TNS   : 0.000

Type  : Fast 1200mV 0C Model Setup 'CLK358'
Slack : 68.436
TNS   : 0.000

Type  : Fast 1200mV 0C Model Hold 'CLK33MHz'
Slack : 0.030
TNS   : 0.000

Type  : Fast 1200mV 0C Model Hold 'Clk20VID_A'
Slack : 0.098
TNS   : 0.000

Type  : Fast 1200mV 0C Model Hold 'Clk40VID_A'
Slack : 0.098
TNS   : 0.000

Type  : Fast 1200mV 0C Model Hold 'CLK66MHz'
Slack : 0.124
TNS   : 0.000

Type  : Fast 1200mV 0C Model Hold 'OSC_CLK_14_318Mhz_i'
Slack : 0.130
TNS   : 0.000

Type  : Fast 1200mV 0C Model Hold 'Clk24'
Slack : 0.134
TNS   : 0.000

Type  : Fast 1200mV 0C Model Hold 'CLK108Mhz'
Slack : 0.138
TNS   : 0.000

Type  : Fast 1200mV 0C Model Hold 'OSC_CLK_33_333Mhz_i'
Slack : 0.149
TNS   : 0.000

Type  : Fast 1200mV 0C Model Hold 'Sys133Mhz'
Slack : 0.158
TNS   : 0.000

Type  : Fast 1200mV 0C Model Hold 'Clk40VID_B'
Slack : 0.170
TNS   : 0.000

Type  : Fast 1200mV 0C Model Hold 'CLK358'
Slack : 0.181
TNS   : 0.000

Type  : Fast 1200mV 0C Model Hold 'OSC_CLK_24_576Mhz_i'
Slack : 0.181
TNS   : 0.000

Type  : Fast 1200mV 0C Model Hold 'OSC_CLK_80_000Mhz_A_i'
Slack : 0.181
TNS   : 0.000

Type  : Fast 1200mV 0C Model Hold 'OSC_CLK_22_579Mhz_i'
Slack : 0.182
TNS   : 0.000

Type  : Fast 1200mV 0C Model Hold 'OSC_CLK_40_000Mhz_A_i'
Slack : 0.182
TNS   : 0.000

Type  : Fast 1200mV 0C Model Recovery 'CLK33MHz'
Slack : -1.185
TNS   : -2.370

Type  : Fast 1200mV 0C Model Recovery 'CLK108Mhz'
Slack : 22.843
TNS   : 0.000

Type  : Fast 1200mV 0C Model Recovery 'Clk40VID_B'
Slack : 22.883
TNS   : 0.000

Type  : Fast 1200mV 0C Model Recovery 'Clk20VID_A'
Slack : 22.886
TNS   : 0.000

Type  : Fast 1200mV 0C Model Recovery 'Clk40VID_A'
Slack : 22.886
TNS   : 0.000

Type  : Fast 1200mV 0C Model Recovery 'OSC_CLK_33_333Mhz_i'
Slack : 28.190
TNS   : 0.000

Type  : Fast 1200mV 0C Model Recovery 'Clk24'
Slack : 39.136
TNS   : 0.000

Type  : Fast 1200mV 0C Model Recovery 'OSC_CLK_14_318Mhz_i'
Slack : 65.681
TNS   : 0.000

Type  : Fast 1200mV 0C Model Removal 'CLK33MHz'
Slack : 0.459
TNS   : 0.000

Type  : Fast 1200mV 0C Model Removal 'OSC_CLK_33_333Mhz_i'
Slack : 0.474
TNS   : 0.000

Type  : Fast 1200mV 0C Model Removal 'OSC_CLK_14_318Mhz_i'
Slack : 0.682
TNS   : 0.000

Type  : Fast 1200mV 0C Model Removal 'Clk24'
Slack : 1.002
TNS   : 0.000

Type  : Fast 1200mV 0C Model Removal 'Clk40VID_B'
Slack : 1.139
TNS   : 0.000

Type  : Fast 1200mV 0C Model Removal 'CLK108Mhz'
Slack : 1.451
TNS   : 0.000

Type  : Fast 1200mV 0C Model Removal 'Clk20VID_A'
Slack : 1.491
TNS   : 0.000

Type  : Fast 1200mV 0C Model Removal 'Clk40VID_A'
Slack : 1.491
TNS   : 0.000

Type  : Fast 1200mV 0C Model Minimum Pulse Width 'Sys133Mhz'
Slack : 3.508
TNS   : 0.000

Type  : Fast 1200mV 0C Model Minimum Pulse Width 'OSC_CLK_80_000Mhz_A_i'
Slack : 5.452
TNS   : 0.000

Type  : Fast 1200mV 0C Model Minimum Pulse Width 'OSC_CLK_65_000Mhz_i'
Slack : 7.089
TNS   : 0.000

Type  : Fast 1200mV 0C Model Minimum Pulse Width 'CLK66MHz'
Slack : 7.209
TNS   : 0.000

Type  : Fast 1200mV 0C Model Minimum Pulse Width 'OSC_CLK_80_000Mhz_i'
Slack : 8.500
TNS   : 0.000

Type  : Fast 1200mV 0C Model Minimum Pulse Width 'OSC_CLK_40_000Mhz_A_i'
Slack : 11.762
TNS   : 0.000

Type  : Fast 1200mV 0C Model Minimum Pulse Width 'CLK108Mhz'
Slack : 12.251
TNS   : 0.000

Type  : Fast 1200mV 0C Model Minimum Pulse Width 'Clk40VID_A'
Slack : 12.258
TNS   : 0.000

Type  : Fast 1200mV 0C Model Minimum Pulse Width 'Clk40VID_B'
Slack : 12.259
TNS   : 0.000

Type  : Fast 1200mV 0C Model Minimum Pulse Width 'OSC_CLK_33_333Mhz_i'
Slack : 14.199
TNS   : 0.000

Type  : Fast 1200mV 0C Model Minimum Pulse Width 'CLK33MHz'
Slack : 14.708
TNS   : 0.000

Type  : Fast 1200mV 0C Model Minimum Pulse Width 'OSC_CLK_24_576Mhz_i'
Slack : 19.617
TNS   : 0.000

Type  : Fast 1200mV 0C Model Minimum Pulse Width 'Clk24'
Slack : 20.592
TNS   : 0.000

Type  : Fast 1200mV 0C Model Minimum Pulse Width 'OSC_CLK_40_000Mhz_B_i'
Slack : 21.000
TNS   : 0.000

Type  : Fast 1200mV 0C Model Minimum Pulse Width 'OSC_CLK_22_579Mhz_i'
Slack : 21.412
TNS   : 0.000

Type  : Fast 1200mV 0C Model Minimum Pulse Width 'Clk20VID_A'
Slack : 24.758
TNS   : 0.000

Type  : Fast 1200mV 0C Model Minimum Pulse Width 'OSC_CLK_33_333Mhz_B_i'
Slack : 26.000
TNS   : 0.000

Type  : Fast 1200mV 0C Model Minimum Pulse Width 'OSC_CLK_33_333Mhz_C_i'
Slack : 26.000
TNS   : 0.000

Type  : Fast 1200mV 0C Model Minimum Pulse Width 'OSC_CLK_14_318Mhz_i'
Slack : 34.117
TNS   : 0.000

Type  : Fast 1200mV 0C Model Minimum Pulse Width 'OSC_CLK_25_175Mhz_i'
Slack : 35.720
TNS   : 0.000

Type  : Fast 1200mV 0C Model Minimum Pulse Width 'CLK358'
Slack : 139.397
TNS   : 0.000

------------------------------------------------------------
