Info: Starting: Create block symbol file (.bsf)
Info: qsys-generate "E:\A2560K Project\FPGA\CFP95179K\Source\A2560K\Core\CHIPSCOPE\ChipScope.qsys" --block-symbol-file --output-directory="E:\A2560K Project\FPGA\CFP95179K\Source\A2560K\Core\CHIPSCOPE\ChipScope" --family="Cyclone IV E" --part=EP4CE115F29C8
Progress: Loading CHIPSCOPE/ChipScope.qsys
Progress: Reading input file
Progress: Adding signaltap_ii_logic_analyzer_0 [altera_signaltap_ii_logic_analyzer 18.1]
Progress: Parameterizing module signaltap_ii_logic_analyzer_0
Progress: Building connections
Progress: Parameterizing connections
Progress: Validating
Progress: Done reading input file
Info: qsys-generate succeeded.
Info: Finished: Create block symbol file (.bsf)
Info: 
Info: Starting: Create HDL design files for synthesis
Info: qsys-generate "E:\A2560K Project\FPGA\CFP95179K\Source\A2560K\Core\CHIPSCOPE\ChipScope.qsys" --synthesis=VERILOG --output-directory="E:\A2560K Project\FPGA\CFP95179K\Source\A2560K\Core\CHIPSCOPE\ChipScope\synthesis" --family="Cyclone IV E" --part=EP4CE115F29C8
Progress: Loading CHIPSCOPE/ChipScope.qsys
Progress: Reading input file
Progress: Adding signaltap_ii_logic_analyzer_0 [altera_signaltap_ii_logic_analyzer 18.1]
Progress: Parameterizing module signaltap_ii_logic_analyzer_0
Progress: Building connections
Progress: Parameterizing connections
Progress: Validating
Progress: Done reading input file
Info: ChipScope: Generating ChipScope "ChipScope" for QUARTUS_SYNTH
Info: signaltap_ii_logic_analyzer_0: "ChipScope" instantiated altera_signaltap_ii_logic_analyzer "signaltap_ii_logic_analyzer_0"
Info: ChipScope: Done "ChipScope" with 2 modules, 1 files
Info: qsys-generate succeeded.
Info: Finished: Create HDL design files for synthesis
